Archive member included to satisfy reference by file (symbol)

/opt/stm32cubeide/plugins/com.st.stm32cube.ide.mcu.externaltools.gnu-tools-for-stm32.13.3.rel1.linux64_1.0.0.202410170706/tools/bin/../lib/gcc/arm-none-eabi/13.3.1/../../../../arm-none-eabi/lib/thumb/v7-m/nofp/libc_nano.a(libc_a-exit.o)
                              /opt/stm32cubeide/plugins/com.st.stm32cube.ide.mcu.externaltools.gnu-tools-for-stm32.13.3.rel1.linux64_1.0.0.202410170706/tools/bin/../lib/gcc/arm-none-eabi/13.3.1/../../../../arm-none-eabi/lib/thumb/v7-m/nofp/crt0.o (exit)
/opt/stm32cubeide/plugins/com.st.stm32cube.ide.mcu.externaltools.gnu-tools-for-stm32.13.3.rel1.linux64_1.0.0.202410170706/tools/bin/../lib/gcc/arm-none-eabi/13.3.1/../../../../arm-none-eabi/lib/thumb/v7-m/nofp/libc_nano.a(libc_a-findfp.o)
                              /opt/stm32cubeide/plugins/com.st.stm32cube.ide.mcu.externaltools.gnu-tools-for-stm32.13.3.rel1.linux64_1.0.0.202410170706/tools/bin/../lib/gcc/arm-none-eabi/13.3.1/../../../../arm-none-eabi/lib/thumb/v7-m/nofp/libc_nano.a(libc_a-exit.o) (__stdio_exit_handler)
/opt/stm32cubeide/plugins/com.st.stm32cube.ide.mcu.externaltools.gnu-tools-for-stm32.13.3.rel1.linux64_1.0.0.202410170706/tools/bin/../lib/gcc/arm-none-eabi/13.3.1/../../../../arm-none-eabi/lib/thumb/v7-m/nofp/libc_nano.a(libc_a-fwalk.o)
                              /opt/stm32cubeide/plugins/com.st.stm32cube.ide.mcu.externaltools.gnu-tools-for-stm32.13.3.rel1.linux64_1.0.0.202410170706/tools/bin/../lib/gcc/arm-none-eabi/13.3.1/../../../../arm-none-eabi/lib/thumb/v7-m/nofp/libc_nano.a(libc_a-findfp.o) (_fwalk_sglue)
/opt/stm32cubeide/plugins/com.st.stm32cube.ide.mcu.externaltools.gnu-tools-for-stm32.13.3.rel1.linux64_1.0.0.202410170706/tools/bin/../lib/gcc/arm-none-eabi/13.3.1/../../../../arm-none-eabi/lib/thumb/v7-m/nofp/libc_nano.a(libc_a-printf.o)
                              ./Middlewares/ST/STM32_USB_Device_Library/Core/Src/usbd_core.o (printf)
/opt/stm32cubeide/plugins/com.st.stm32cube.ide.mcu.externaltools.gnu-tools-for-stm32.13.3.rel1.linux64_1.0.0.202410170706/tools/bin/../lib/gcc/arm-none-eabi/13.3.1/../../../../arm-none-eabi/lib/thumb/v7-m/nofp/libc_nano.a(libc_a-putchar.o)
                              ./Middlewares/ST/STM32_USB_Device_Library/Core/Src/usbd_core.o (putchar)
/opt/stm32cubeide/plugins/com.st.stm32cube.ide.mcu.externaltools.gnu-tools-for-stm32.13.3.rel1.linux64_1.0.0.202410170706/tools/bin/../lib/gcc/arm-none-eabi/13.3.1/../../../../arm-none-eabi/lib/thumb/v7-m/nofp/libc_nano.a(libc_a-sprintf.o)
                              ./Core/Src/main.o (sprintf)
/opt/stm32cubeide/plugins/com.st.stm32cube.ide.mcu.externaltools.gnu-tools-for-stm32.13.3.rel1.linux64_1.0.0.202410170706/tools/bin/../lib/gcc/arm-none-eabi/13.3.1/../../../../arm-none-eabi/lib/thumb/v7-m/nofp/libc_nano.a(libc_a-stdio.o)
                              /opt/stm32cubeide/plugins/com.st.stm32cube.ide.mcu.externaltools.gnu-tools-for-stm32.13.3.rel1.linux64_1.0.0.202410170706/tools/bin/../lib/gcc/arm-none-eabi/13.3.1/../../../../arm-none-eabi/lib/thumb/v7-m/nofp/libc_nano.a(libc_a-findfp.o) (__sread)
/opt/stm32cubeide/plugins/com.st.stm32cube.ide.mcu.externaltools.gnu-tools-for-stm32.13.3.rel1.linux64_1.0.0.202410170706/tools/bin/../lib/gcc/arm-none-eabi/13.3.1/../../../../arm-none-eabi/lib/thumb/v7-m/nofp/libc_nano.a(libc_a-memset.o)
                              /opt/stm32cubeide/plugins/com.st.stm32cube.ide.mcu.externaltools.gnu-tools-for-stm32.13.3.rel1.linux64_1.0.0.202410170706/tools/bin/../lib/gcc/arm-none-eabi/13.3.1/../../../../arm-none-eabi/lib/thumb/v7-m/nofp/crt0.o (memset)
/opt/stm32cubeide/plugins/com.st.stm32cube.ide.mcu.externaltools.gnu-tools-for-stm32.13.3.rel1.linux64_1.0.0.202410170706/tools/bin/../lib/gcc/arm-none-eabi/13.3.1/../../../../arm-none-eabi/lib/thumb/v7-m/nofp/libc_nano.a(libc_a-closer.o)
                              /opt/stm32cubeide/plugins/com.st.stm32cube.ide.mcu.externaltools.gnu-tools-for-stm32.13.3.rel1.linux64_1.0.0.202410170706/tools/bin/../lib/gcc/arm-none-eabi/13.3.1/../../../../arm-none-eabi/lib/thumb/v7-m/nofp/libc_nano.a(libc_a-stdio.o) (_close_r)
/opt/stm32cubeide/plugins/com.st.stm32cube.ide.mcu.externaltools.gnu-tools-for-stm32.13.3.rel1.linux64_1.0.0.202410170706/tools/bin/../lib/gcc/arm-none-eabi/13.3.1/../../../../arm-none-eabi/lib/thumb/v7-m/nofp/libc_nano.a(libc_a-reent.o)
                              /opt/stm32cubeide/plugins/com.st.stm32cube.ide.mcu.externaltools.gnu-tools-for-stm32.13.3.rel1.linux64_1.0.0.202410170706/tools/bin/../lib/gcc/arm-none-eabi/13.3.1/../../../../arm-none-eabi/lib/thumb/v7-m/nofp/libc_nano.a(libc_a-closer.o) (errno)
/opt/stm32cubeide/plugins/com.st.stm32cube.ide.mcu.externaltools.gnu-tools-for-stm32.13.3.rel1.linux64_1.0.0.202410170706/tools/bin/../lib/gcc/arm-none-eabi/13.3.1/../../../../arm-none-eabi/lib/thumb/v7-m/nofp/libc_nano.a(libc_a-impure.o)
[...]
Memory Configuration

Name             Origin             Length             Attributes
RAM              0x20000000         0x00010000         xrw
FLASH            0x08000000         0x00040000         xr
*default*        0x00000000         0xffffffff

Linker script and memory map

LOAD /opt/stm32cubeide/plugins/com.st.stm32cube.ide.mcu.externaltools.gnu-tools-for-stm32.13.3.rel1.linux64_1.0.0.202410170706/tools/bin/../lib/gcc/arm-none-eabi/13.3.1/thumb/v7-m/nofp/crti.o
LOAD /opt/stm32cubeide/plugins/com.st.stm32cube.ide.mcu.externaltools.gnu-tools-for-stm32.13.3.rel1.linux64_1.0.0.202410170706/tools/bin/../lib/gcc/arm-none-eabi/13.3.1/thumb/v7-m/nofp/crtbegin.o
LOAD /opt/stm32cubeide/plugins/com.st.stm32cube.ide.mcu.externaltools.gnu-tools-for-stm32.13.3.rel1.linux64_1.0.0.202410170706/tools/bin/../lib/gcc/arm-none-eabi/13.3.1/../../../../arm-none-eabi/lib/thumb/v7-m/nofp/crt0.o
LOAD ./Core/Src/main.o
LOAD ./Core/Src/stm32f1xx_hal_msp.o
LOAD ./Core/Src/stm32f1xx_hal_timebase_tim.o
LOAD ./Core/Src/stm32f1xx_it.o
LOAD ./Core/Src/syscalls.o
LOAD ./Core/Src/sysmem.o
LOAD ./Core/Src/system_stm32f1xx.o
LOAD ./Core/Startup/startup_stm32f107rctx.o
LOAD ./Drivers/STM32F1xx_HAL_Driver/Src/stm32f1xx_hal.o
LOAD ./Drivers/STM32F1xx_HAL_Driver/Src/stm32f1xx_hal_adc.o
LOAD ./Drivers/STM32F1xx_HAL_Driver/Src/stm32f1xx_hal_adc_ex.o
LOAD ./Drivers/STM32F1xx_HAL_Driver/Src/stm32f1xx_hal_cortex.o
LOAD ./Drivers/STM32F1xx_HAL_Driver/Src/stm32f1xx_hal_dac.o
LOAD ./Drivers/STM32F1xx_HAL_Driver/Src/stm32f1xx_hal_dac_ex.o
LOAD ./Drivers/STM32F1xx_HAL_Driver/Src/stm32f1xx_hal_dma.o
LOAD ./Drivers/STM32F1xx_HAL_Driver/Src/stm32f1xx_hal_exti.o
LOAD ./Drivers/STM32F1xx_HAL_Driver/Src/stm32f1xx_hal_flash.o
LOAD ./Drivers/STM32F1xx_HAL_Driver/Src/stm32f1xx_hal_flash_ex.o
LOAD ./Drivers/STM32F1xx_HAL_Driver/Src/stm32f1xx_hal_gpio.o
LOAD ./Drivers/STM32F1xx_HAL_Driver/Src/stm32f1xx_hal_gpio_ex.o
LOAD ./Drivers/STM32F1xx_HAL_Driver/Src/stm32f1xx_hal_i2c.o
LOAD ./Drivers/STM32F1xx_HAL_Driver/Src/stm32f1xx_hal_pcd.o
LOAD ./Drivers/STM32F1xx_HAL_Driver/Src/stm32f1xx_hal_pcd_ex.o
LOAD ./Drivers/STM32F1xx_HAL_Driver/Src/stm32f1xx_hal_pwr.o
LOAD ./Drivers/STM32F1xx_HAL_Driver/Src/stm32f1xx_hal_rcc.o
LOAD ./Drivers/STM32F1xx_HAL_Driver/Src/stm32f1xx_hal_rcc_ex.o
LOAD ./Drivers/STM32F1xx_HAL_Driver/Src/stm32f1xx_hal_spi.o
LOAD ./Drivers/STM32F1xx_HAL_Driver/Src/stm32f1xx_hal_tim.o
LOAD ./Drivers/STM32F1xx_HAL_Driver/Src/stm32f1xx_hal_tim_ex.o
LOAD ./Drivers/STM32F1xx_HAL_Driver/Src/stm32f1xx_hal_uart.o
LOAD ./Drivers/STM32F1xx_HAL_Driver/Src/stm32f1xx_ll_usb.o
LOAD ./Drivers/nrf24/NRF24.o
LOAD ./Middlewares/ST/STM32_USB_Device_Library/Class/CDC/Src/usbd_cdc.o
LOAD ./Middlewares/ST/STM32_USB_Device_Library/Core/Src/usbd_core.o
LOAD ./Middlewares/ST/STM32_USB_Device_Library/Core/Src/usbd_ctlreq.o
LOAD ./Middlewares/ST/STM32_USB_Device_Library/Core/Src/usbd_ioreq.o
LOAD ./USB_DEVICE/App/usb_device.o
LOAD ./USB_DEVICE/App/usbd_cdc_if.o
LOAD ./USB_DEVICE/App/usbd_desc.o
LOAD ./USB_DEVICE/Target/usbd_conf.o
START GROUP
LOAD /opt/stm32cubeide/plugins/com.st.stm32cube.ide.mcu.externaltools.gnu-tools-for-stm32.13.3.rel1.linux64_1.0.0.202410170706/tools/bin/../lib/gcc/arm-none-eabi/13.3.1/../../../../arm-none-eabi/lib/thumb/v7-m/nofp/libc_nano.a
LOAD /opt/stm32cubeide/plugins/com.st.stm32cube.ide.mcu.externaltools.gnu-tools-for-stm32.13.3.rel1.linux64_1.0.0.202410170706/tools/bin/../lib/gcc/arm-none-eabi/13.3.1/../../../../arm-none-eabi/lib/thumb/v7-m/nofp/libm.a
END GROUP
START GROUP
LOAD /opt/stm32cubeide/plugins/com.st.stm32cube.ide.mcu.externaltools.gnu-tools-for-stm32.13.3.rel1.linux64_1.0.0.202410170706/tools/bin/../lib/gcc/arm-none-eabi/13.3.1/thumb/v7-m/nofp/libgcc.a
LOAD /opt/stm32cubeide/plugins/com.st.stm32cube.ide.mcu.externaltools.gnu-tools-for-stm32.13.3.rel1.linux64_1.0.0.202410170706/tools/bin/../lib/gcc/arm-none-eabi/13.3.1/../../../../arm-none-eabi/lib/thumb/v7-m/nofp/libc_nano.a
END GROUP
START GROUP
LOAD /opt/stm32cubeide/plugins/com.st.stm32cube.ide.mcu.externaltools.gnu-tools-for-stm32.13.3.rel1.linux64_1.0.0.202410170706/tools/bin/../lib/gcc/arm-none-eabi/13.3.1/thumb/v7-m/nofp/libgcc.a
LOAD /opt/stm32cubeide/plugins/com.st.stm32cube.ide.mcu.externaltools.gnu-tools-for-stm32.13.3.rel1.linux64_1.0.0.202410170706/tools/bin/../lib/gcc/arm-none-eabi/13.3.1/../../../../arm-none-eabi/lib/thumb/v7-m/nofp/libc_nano.a
LOAD /opt/stm32cubeide/plugins/com.st.stm32cube.ide.mcu.externaltools.gnu-tools-for-stm32.13.3.rel1.linux64_1.0.0.202410170706/tools/bin/../lib/gcc/arm-none-eabi/13.3.1/../../../../arm-none-eabi/lib/thumb/v7-m/nofp/libnosys.a
END GROUP
START GROUP
LOAD /opt/stm32cubeide/plugins/com.st.stm32cube.ide.mcu.externaltools.gnu-tools-for-stm32.13.3.rel1.linux64_1.0.0.202410170706/tools/bin/../lib/gcc/arm-none-eabi/13.3.1/thumb/v7-m/nofp/libgcc.a
LOAD /opt/stm32cubeide/plugins/com.st.stm32cube.ide.mcu.externaltools.gnu-tools-for-stm32.13.3.rel1.linux64_1.0.0.202410170706/tools/bin/../lib/gcc/arm-none-eabi/13.3.1/../../../../arm-none-eabi/lib/thumb/v7-m/nofp/libc_nano.a
LOAD /opt/stm32cubeide/plugins/com.st.stm32cube.ide.mcu.externaltools.gnu-tools-for-stm32.13.3.rel1.linux64_1.0.0.202410170706/tools/bin/../lib/gcc/arm-none-eabi/13.3.1/../../../../arm-none-eabi/lib/thumb/v7-m/nofp/libnosys.a
END GROUP
LOAD /opt/stm32cubeide/plugins/com.st.stm32cube.ide.mcu.externaltools.gnu-tools-for-stm32.13.3.rel1.linux64_1.0.0.202410170706/tools/bin/../lib/gcc/arm-none-eabi/13.3.1/thumb/v7-m/nofp/crtend.o
LOAD /opt/stm32cubeide/plugins/com.st.stm32cube.ide.mcu.externaltools.gnu-tools-for-stm32.13.3.rel1.linux64_1.0.0.202410170706/tools/bin/../lib/gcc/arm-none-eabi/13.3.1/thumb/v7-m/nofp/crtn.o
                0x20010000                        _estack = (ORIGIN (RAM) + LENGTH (RAM))
                0x00000200                        _Min_Heap_Size = 0x200
                0x00000400                        _Min_Stack_Size = 0x400

.isr_vector     0x08000000      0x1e4
                0x08000000                        . = ALIGN (0x4)
 *(.isr_vector)
 .isr_vector    0x08000000      0x1e4 ./Core/Startup/startup_stm32f107rctx.o
                0x08000000                g_pfnVectors
                0x080001e4                        . = ALIGN (0x4)

.text           0x080001e4     0xbc60
                0x080001e4                        . = ALIGN (0x4)
 *(.text)
 .text          0x080001e4       0x40 /opt/stm32cubeide/plugins/com.st.stm32cube.ide.mcu.externaltools.gnu-tools-for-stm32.13.3.rel1.linux64_1.0.0.202410170706/tools/bin/../lib/gcc/arm-none-eabi/13.3.1/thumb/v7-m/nofp/crtbegin.o
 .text          0x08000224       0x10 /opt/stm32cubeide/plugins/com.st.stm32cube.ide.mcu.externaltools.gnu-tools-for-stm32.13.3.rel1.linux64_1.0.0.202410170706/tools/bin/../lib/gcc/arm-none-eabi/13.3.1/../../../../arm-none-eabi/lib/thumb/v7-m/nofp/libc_nano.a(libc_a-strlen.o)
                0x08000224                strlen
 .text          0x08000234       0x30 /opt/stm32cubeide/plugins/com.st.stm32cube.ide.mcu.externaltools.gnu-tools-for-stm32.13.3.rel1.linux64_1.0.0.202410170706/tools/bin/../lib/gcc/arm-none-eabi/13.3.1/thumb/v7-m/nofp/libgcc.a(_aeabi_uldivmod.o)
                0x08000234                __aeabi_uldivmod
 .text          0x08000264      0x300 /opt/stm32cubeide/plugins/com.st.stm32cube.ide.mcu.externaltools.gnu-tools-for-stm32.13.3.rel1.linux64_1.0.0.202410170706/tools/bin/../lib/gcc/arm-none-eabi/13.3.1/thumb/v7-m/nofp/libgcc.a(_udivmoddi4.o)
                0x08000264                __udivmoddi4
 .text          0x08000564        0x4 /opt/stm32cubeide/plugins/com.st.stm32cube.ide.mcu.externaltools.gnu-tools-for-stm32.13.3.rel1.linux64_1.0.0.202410170706/tools/bin/../lib/gcc/arm-none-eabi/13.3.1/thumb/v7-m/nofp/libgcc.a(_dvmd_tls.o)
                0x08000564                __aeabi_ldiv0
                0x08000564                __aeabi_idiv0
 *(.text*)
 .text.main     0x08000568      0x1d8 ./Core/Src/main.o
                0x08000568                main
 .text.SystemClock_Config
                0x08000740       0xd0 ./Core/Src/main.o
                0x08000740                SystemClock_Config
 .text.MX_ADC1_Init
                0x08000810       0xb8 ./Core/Src/main.o
 .text.MX_DAC_Init
                0x080008c8       0x54 ./Core/Src/main.o
 .text.MX_I2C1_Init
                0x0800091c       0x5c ./Core/Src/main.o
 .text.MX_SPI1_Init
                0x08000978       0x6c ./Core/Src/main.o
 .text.MX_USART1_UART_Init
                0x080009e4       0x54 ./Core/Src/main.o
 .text.MX_DMA_Init
                0x08000a38       0x3c ./Core/Src/main.o
 .text.MX_GPIO_Init
                0x08000a74      0x110 ./Core/Src/main.o
 .text.HAL_TIM_PeriodElapsedCallback
                0x08000b84       0x24 ./Core/Src/main.o
                0x08000b84                HAL_TIM_PeriodElapsedCallback
 .text.Error_Handler
                0x08000ba8        0xc ./Core/Src/main.o
                0x08000ba8                Error_Handler
 .text.HAL_MspInit
                0x08000bb4       0x64 ./Core/Src/stm32f1xx_hal_msp.o
                0x08000bb4                HAL_MspInit
 .text.HAL_ADC_MspInit
                0x08000c18       0xe0 ./Core/Src/stm32f1xx_hal_msp.o
                0x08000c18                HAL_ADC_MspInit
 .text.HAL_DAC_MspInit
                0x08000cf8       0x78 ./Core/Src/stm32f1xx_hal_msp.o
                0x08000cf8                HAL_DAC_MspInit
 .text.HAL_I2C_MspInit
                0x08000d70       0x7c ./Core/Src/stm32f1xx_hal_msp.o
                0x08000d70                HAL_I2C_MspInit
 .text.HAL_SPI_MspInit
                0x08000dec       0xa4 ./Core/Src/stm32f1xx_hal_msp.o
                0x08000dec                HAL_SPI_MspInit
 .text.HAL_UART_MspInit
                0x08000e90       0xa8 ./Core/Src/stm32f1xx_hal_msp.o
                0x08000e90                HAL_UART_MspInit
 .text.HAL_InitTick
                0x08000f38       0xe4 ./Core/Src/stm32f1xx_hal_timebase_tim.o
                0x08000f38                HAL_InitTick
 .text.NMI_Handler
                0x0800101c        0x8 ./Core/Src/stm32f1xx_it.o
                0x0800101c                NMI_Handler
 .text.HardFault_Handler
                0x08001024        0x8 ./Core/Src/stm32f1xx_it.o
                0x08001024                HardFault_Handler
 .text.MemManage_Handler
                0x0800102c        0x8 ./Core/Src/stm32f1xx_it.o
                0x0800102c                MemManage_Handler
 .text.BusFault_Handler
                0x08001034        0x8 ./Core/Src/stm32f1xx_it.o
                0x08001034                BusFault_Handler
 .text.UsageFault_Handler
                0x0800103c        0x8 ./Core/Src/stm32f1xx_it.o
                0x0800103c                UsageFault_Handler
 .text.SVC_Handler
                0x08001044        0xc ./Core/Src/stm32f1xx_it.o
                0x08001044                SVC_Handler
 .text.DebugMon_Handler
                0x08001050        0xc ./Core/Src/stm32f1xx_it.o
                0x08001050                DebugMon_Handler
 .text.PendSV_Handler
                0x0800105c        0xc ./Core/Src/stm32f1xx_it.o
                0x0800105c                PendSV_Handler
 .text.SysTick_Handler
                0x08001068        0xc ./Core/Src/stm32f1xx_it.o
                0x08001068                SysTick_Handler
 .text.DMA1_Channel1_IRQHandler
                0x08001074       0x14 ./Core/Src/stm32f1xx_it.o
                0x08001074                DMA1_Channel1_IRQHandler
 .text.ADC1_2_IRQHandler
                0x08001088       0x14 ./Core/Src/stm32f1xx_it.o
                0x08001088                ADC1_2_IRQHandler
 .text.TIM1_UP_IRQHandler
                0x0800109c       0x14 ./Core/Src/stm32f1xx_it.o
                0x0800109c                TIM1_UP_IRQHandler
 .text.SPI1_IRQHandler
                0x080010b0       0x14 ./Core/Src/stm32f1xx_it.o
                0x080010b0                SPI1_IRQHandler
 .text.USART1_IRQHandler
                0x080010c4       0x14 ./Core/Src/stm32f1xx_it.o
                0x080010c4                USART1_IRQHandler
 .text.OTG_FS_IRQHandler
                0x080010d8       0x14 ./Core/Src/stm32f1xx_it.o
                0x080010d8                OTG_FS_IRQHandler
 .text._read    0x080010ec       0x3a ./Core/Src/syscalls.o
                0x080010ec                _read
 .text._write   0x08001126       0x38 ./Core/Src/syscalls.o
                0x08001126                _write
 .text._close   0x0800115e       0x16 ./Core/Src/syscalls.o
                0x0800115e                _close
 .text._fstat   0x08001174       0x1e ./Core/Src/syscalls.o
                0x08001174                _fstat
 .text._isatty  0x08001192       0x14 ./Core/Src/syscalls.o
                0x08001192                _isatty
 .text._lseek   0x080011a6       0x18 ./Core/Src/syscalls.o
                0x080011a6                _lseek
 *fill*         0x080011be        0x2 
 .text._sbrk    0x080011c0       0x6c ./Core/Src/sysmem.o
                0x080011c0                _sbrk
 .text.SystemInit
                0x0800122c        0xc ./Core/Src/system_stm32f1xx.o
                0x0800122c                SystemInit
 .text.Reset_Handler
                0x08001238       0x48 ./Core/Startup/startup_stm32f107rctx.o
                0x08001238                Reset_Handler
 .text.Default_Handler
                0x08001280        0x2 ./Core/Startup/startup_stm32f107rctx.o
                0x08001280                RTC_Alarm_IRQHandler
                0x08001280                EXTI2_IRQHandler
                0x08001280                TIM1_CC_IRQHandler
                0x08001280                TIM6_IRQHandler
                0x08001280                PVD_IRQHandler
                0x08001280                CAN2_RX1_IRQHandler
                0x08001280                EXTI3_IRQHandler
                0x08001280                EXTI0_IRQHandler
                0x08001280                I2C2_EV_IRQHandler
                0x08001280                CAN1_RX0_IRQHandler
                0x08001280                CAN2_SCE_IRQHandler
                0x08001280                TAMPER_IRQHandler
                0x08001280                CAN2_RX0_IRQHandler
                0x08001280                DMA2_Channel2_IRQHandler
                0x08001280                DMA1_Channel4_IRQHandler
                0x08001280                USART3_IRQHandler
                0x08001280                RTC_IRQHandler
                0x08001280                DMA1_Channel7_IRQHandler
                0x08001280                CAN1_RX1_IRQHandler
                0x08001280                UART5_IRQHandler
                0x08001280                TIM4_IRQHandler
                0x08001280                DMA2_Channel1_IRQHandler
                0x08001280                I2C1_EV_IRQHandler
                0x08001280                DMA1_Channel6_IRQHandler
                0x08001280                UART4_IRQHandler
                0x08001280                DMA2_Channel4_IRQHandler
                0x08001280                TIM3_IRQHandler
                0x08001280                RCC_IRQHandler
                0x08001280                TIM1_TRG_COM_IRQHandler
                0x08001280                Default_Handler
                0x08001280                EXTI15_10_IRQHandler
                0x08001280                TIM7_IRQHandler
                0x08001280                CAN2_TX_IRQHandler
                0x08001280                TIM5_IRQHandler
                0x08001280                EXTI9_5_IRQHandler
                0x08001280                ETH_WKUP_IRQHandler
                0x08001280                SPI2_IRQHandler
                0x08001280                CAN1_TX_IRQHandler
                0x08001280                DMA2_Channel5_IRQHandler
                0x08001280                DMA1_Channel5_IRQHandler
                0x08001280                EXTI4_IRQHandler
                0x08001280                DMA1_Channel3_IRQHandler
                0x08001280                ETH_IRQHandler
                0x08001280                WWDG_IRQHandler
                0x08001280                TIM2_IRQHandler
                0x08001280                OTG_FS_WKUP_IRQHandler
                0x08001280                TIM1_BRK_IRQHandler
                0x08001280                EXTI1_IRQHandler
                0x08001280                USART2_IRQHandler
                0x08001280                I2C2_ER_IRQHandler
                0x08001280                DMA1_Channel2_IRQHandler
                0x08001280                CAN1_SCE_IRQHandler
                0x08001280                FLASH_IRQHandler
                0x08001280                SPI3_IRQHandler
                0x08001280                I2C1_ER_IRQHandler
                0x08001280                DMA2_Channel3_IRQHandler
 *fill*         0x08001282        0x2 
 .text.HAL_Init
                0x08001284       0x2c ./Drivers/STM32F1xx_HAL_Driver/Src/stm32f1xx_hal.o
                0x08001284                HAL_Init
 .text.HAL_IncTick
                0x080012b0       0x24 ./Drivers/STM32F1xx_HAL_Driver/Src/stm32f1xx_hal.o
                0x080012b0                HAL_IncTick
 .text.HAL_GetTick
                0x080012d4       0x14 ./Drivers/STM32F1xx_HAL_Driver/Src/stm32f1xx_hal.o
                0x080012d4                HAL_GetTick
 .text.HAL_Delay
                0x080012e8       0x48 ./Drivers/STM32F1xx_HAL_Driver/Src/stm32f1xx_hal.o
                0x080012e8                HAL_Delay
 .text.HAL_ADC_Init
                0x08001330      0x1b0 ./Drivers/STM32F1xx_HAL_Driver/Src/stm32f1xx_hal_adc.o
                0x08001330                HAL_ADC_Init
 .text.HAL_ADC_Start
                0x080014e0      0x15c ./Drivers/STM32F1xx_HAL_Driver/Src/stm32f1xx_hal_adc.o
                0x080014e0                HAL_ADC_Start
 .text.HAL_ADC_Stop
                0x0800163c       0x58 ./Drivers/STM32F1xx_HAL_Driver/Src/stm32f1xx_hal_adc.o
                0x0800163c                HAL_ADC_Stop
 .text.HAL_ADC_PollForConversion
                0x08001694      0x20c ./Drivers/STM32F1xx_HAL_Driver/Src/stm32f1xx_hal_adc.o
                0x08001694                HAL_ADC_PollForConversion
 .text.HAL_ADC_GetValue
                0x080018a0       0x18 ./Drivers/STM32F1xx_HAL_Driver/Src/stm32f1xx_hal_adc.o
                0x080018a0                HAL_ADC_GetValue
 .text.HAL_ADC_IRQHandler
                0x080018b8      0x17e ./Drivers/STM32F1xx_HAL_Driver/Src/stm32f1xx_hal_adc.o
                0x080018b8                HAL_ADC_IRQHandler
 .text.HAL_ADC_ConvCpltCallback
                0x08001a36       0x12 ./Drivers/STM32F1xx_HAL_Driver/Src/stm32f1xx_hal_adc.o
                0x08001a36                HAL_ADC_ConvCpltCallback
 .text.HAL_ADC_LevelOutOfWindowCallback
                0x08001a48       0x12 ./Drivers/STM32F1xx_HAL_Driver/Src/stm32f1xx_hal_adc.o
                0x08001a48                HAL_ADC_LevelOutOfWindowCallback
 *fill*         0x08001a5a        0x2 
 .text.HAL_ADC_ConfigChannel
                0x08001a5c      0x1f0 ./Drivers/STM32F1xx_HAL_Driver/Src/stm32f1xx_hal_adc.o
                0x08001a5c                HAL_ADC_ConfigChannel
 .text.ADC_Enable
                0x08001c4c       0xb4 ./Drivers/STM32F1xx_HAL_Driver/Src/stm32f1xx_hal_adc.o
                0x08001c4c                ADC_Enable
 .text.ADC_ConversionStop_Disable
                0x08001d00       0x82 ./Drivers/STM32F1xx_HAL_Driver/Src/stm32f1xx_hal_adc.o
                0x08001d00                ADC_ConversionStop_Disable
 .text.HAL_ADCEx_InjectedConvCpltCallback
                0x08001d82       0x12 ./Drivers/STM32F1xx_HAL_Driver/Src/stm32f1xx_hal_adc_ex.o
                0x08001d82                HAL_ADCEx_InjectedConvCpltCallback
 .text.__NVIC_SetPriorityGrouping
                0x08001d94       0x48 ./Drivers/STM32F1xx_HAL_Driver/Src/stm32f1xx_hal_cortex.o
 .text.__NVIC_GetPriorityGrouping
                0x08001ddc       0x1c ./Drivers/STM32F1xx_HAL_Driver/Src/stm32f1xx_hal_cortex.o
 .text.__NVIC_EnableIRQ
                0x08001df8       0x38 ./Drivers/STM32F1xx_HAL_Driver/Src/stm32f1xx_hal_cortex.o
 .text.__NVIC_SetPriority
                0x08001e30       0x54 ./Drivers/STM32F1xx_HAL_Driver/Src/stm32f1xx_hal_cortex.o
 .text.NVIC_EncodePriority
                0x08001e84       0x64 ./Drivers/STM32F1xx_HAL_Driver/Src/stm32f1xx_hal_cortex.o
 .text.HAL_NVIC_SetPriorityGrouping
                0x08001ee8       0x16 ./Drivers/STM32F1xx_HAL_Driver/Src/stm32f1xx_hal_cortex.o
                0x08001ee8                HAL_NVIC_SetPriorityGrouping
 .text.HAL_NVIC_SetPriority
                0x08001efe       0x38 ./Drivers/STM32F1xx_HAL_Driver/Src/stm32f1xx_hal_cortex.o
                0x08001efe                HAL_NVIC_SetPriority
 .text.HAL_NVIC_EnableIRQ
                0x08001f36       0x1c ./Drivers/STM32F1xx_HAL_Driver/Src/stm32f1xx_hal_cortex.o
                0x08001f36                HAL_NVIC_EnableIRQ
 .text.HAL_DAC_Init
                0x08001f52       0x44 ./Drivers/STM32F1xx_HAL_Driver/Src/stm32f1xx_hal_dac.o
                0x08001f52                HAL_DAC_Init
 .text.HAL_DAC_ConfigChannel
                0x08001f96       0xb0 ./Drivers/STM32F1xx_HAL_Driver/Src/stm32f1xx_hal_dac.o
                0x08001f96                HAL_DAC_ConfigChannel
 *fill*         0x08002046        0x2 
 .text.HAL_DMA_Init
                0x08002048       0xec ./Drivers/STM32F1xx_HAL_Driver/Src/stm32f1xx_hal_dma.o
                0x08002048                HAL_DMA_Init
 .text.HAL_DMA_Abort
                0x08002134       0x76 ./Drivers/STM32F1xx_HAL_Driver/Src/stm32f1xx_hal_dma.o
                0x08002134                HAL_DMA_Abort
 *fill*         0x080021aa        0x2 
 .text.HAL_DMA_Abort_IT
                0x080021ac      0x210 ./Drivers/STM32F1xx_HAL_Driver/Src/stm32f1xx_hal_dma.o
                0x080021ac                HAL_DMA_Abort_IT
 .text.HAL_DMA_IRQHandler
                0x080023bc      0x478 ./Drivers/STM32F1xx_HAL_Driver/Src/stm32f1xx_hal_dma.o
                0x080023bc                HAL_DMA_IRQHandler
 .text.HAL_GPIO_Init
                0x08002834      0x308 ./Drivers/STM32F1xx_HAL_Driver/Src/stm32f1xx_hal_gpio.o
                0x08002834                HAL_GPIO_Init
 .text.HAL_GPIO_WritePin
                0x08002b3c       0x30 ./Drivers/STM32F1xx_HAL_Driver/Src/stm32f1xx_hal_gpio.o
                0x08002b3c                HAL_GPIO_WritePin
 .text.HAL_GPIO_TogglePin
                0x08002b6c       0x32 ./Drivers/STM32F1xx_HAL_Driver/Src/stm32f1xx_hal_gpio.o
                0x08002b6c                HAL_GPIO_TogglePin
 *fill*         0x08002b9e        0x2 
 .text.HAL_I2C_Init
                0x08002ba0      0x288 ./Drivers/STM32F1xx_HAL_Driver/Src/stm32f1xx_hal_i2c.o
                0x08002ba0                HAL_I2C_Init
 .text.HAL_PCD_Init
                0x08002e28      0x210 ./Drivers/STM32F1xx_HAL_Driver/Src/stm32f1xx_hal_pcd.o
                0x08002e28                HAL_PCD_Init
 .text.HAL_PCD_Start
                0x08003038       0x44 ./Drivers/STM32F1xx_HAL_Driver/Src/stm32f1xx_hal_pcd.o
                0x08003038                HAL_PCD_Start
 .text.HAL_PCD_IRQHandler
                0x0800307c      0x8b6 ./Drivers/STM32F1xx_HAL_Driver/Src/stm32f1xx_hal_pcd.o
                0x0800307c                HAL_PCD_IRQHandler
 .text.HAL_PCD_SetAddress
                0x08003932       0x48 ./Drivers/STM32F1xx_HAL_Driver/Src/stm32f1xx_hal_pcd.o
                0x08003932                HAL_PCD_SetAddress
 .text.HAL_PCD_EP_Open
                0x0800397a       0xd0 ./Drivers/STM32F1xx_HAL_Driver/Src/stm32f1xx_hal_pcd.o
                0x0800397a                HAL_PCD_EP_Open
 .text.HAL_PCD_EP_Close
                0x08003a4a       0x94 ./Drivers/STM32F1xx_HAL_Driver/Src/stm32f1xx_hal_pcd.o
                0x08003a4a                HAL_PCD_EP_Close
 .text.HAL_PCD_EP_Receive
                0x08003ade       0x64 ./Drivers/STM32F1xx_HAL_Driver/Src/stm32f1xx_hal_pcd.o
                0x08003ade                HAL_PCD_EP_Receive
 .text.HAL_PCD_EP_GetRxCount
                0x08003b42       0x2e ./Drivers/STM32F1xx_HAL_Driver/Src/stm32f1xx_hal_pcd.o
                0x08003b42                HAL_PCD_EP_GetRxCount
 .text.HAL_PCD_EP_Transmit
                0x08003b70       0x62 ./Drivers/STM32F1xx_HAL_Driver/Src/stm32f1xx_hal_pcd.o
                0x08003b70                HAL_PCD_EP_Transmit
 .text.HAL_PCD_EP_SetStall
                0x08003bd2       0xc4 ./Drivers/STM32F1xx_HAL_Driver/Src/stm32f1xx_hal_pcd.o
                0x08003bd2                HAL_PCD_EP_SetStall
 .text.HAL_PCD_EP_ClrStall
                0x08003c96       0xac ./Drivers/STM32F1xx_HAL_Driver/Src/stm32f1xx_hal_pcd.o
                0x08003c96                HAL_PCD_EP_ClrStall
 .text.HAL_PCD_EP_Abort
                0x08003d42       0x62 ./Drivers/STM32F1xx_HAL_Driver/Src/stm32f1xx_hal_pcd.o
                0x08003d42                HAL_PCD_EP_Abort
 .text.PCD_WriteEmptyTxFifo
                0x08003da4      0x110 ./Drivers/STM32F1xx_HAL_Driver/Src/stm32f1xx_hal_pcd.o
 .text.PCD_EP_OutXfrComplete_int
                0x08003eb4       0x9c ./Drivers/STM32F1xx_HAL_Driver/Src/stm32f1xx_hal_pcd.o
 .text.PCD_EP_OutSetupPacket_int
                0x08003f50       0x68 ./Drivers/STM32F1xx_HAL_Driver/Src/stm32f1xx_hal_pcd.o
 .text.HAL_PCDEx_SetTxFiFo
                0x08003fb8       0x8c ./Drivers/STM32F1xx_HAL_Driver/Src/stm32f1xx_hal_pcd_ex.o
                0x08003fb8                HAL_PCDEx_SetTxFiFo
 .text.HAL_PCDEx_SetRxFiFo
                0x08004044       0x20 ./Drivers/STM32F1xx_HAL_Driver/Src/stm32f1xx_hal_pcd_ex.o
                0x08004044                HAL_PCDEx_SetRxFiFo
 .text.HAL_RCC_OscConfig
                0x08004064      0x62c ./Drivers/STM32F1xx_HAL_Driver/Src/stm32f1xx_hal_rcc.o
                0x08004064                HAL_RCC_OscConfig
 .text.HAL_RCC_ClockConfig
                0x08004690      0x1d4 ./Drivers/STM32F1xx_HAL_Driver/Src/stm32f1xx_hal_rcc.o
                0x08004690                HAL_RCC_ClockConfig
 .text.HAL_RCC_GetSysClockFreq
                0x08004864      0x1e8 ./Drivers/STM32F1xx_HAL_Driver/Src/stm32f1xx_hal_rcc.o
                0x08004864                HAL_RCC_GetSysClockFreq
 .text.HAL_RCC_GetHCLKFreq
                0x08004a4c       0x14 ./Drivers/STM32F1xx_HAL_Driver/Src/stm32f1xx_hal_rcc.o
                0x08004a4c                HAL_RCC_GetHCLKFreq
 .text.HAL_RCC_GetPCLK1Freq
                0x08004a60       0x28 ./Drivers/STM32F1xx_HAL_Driver/Src/stm32f1xx_hal_rcc.o
                0x08004a60                HAL_RCC_GetPCLK1Freq
 .text.HAL_RCC_GetPCLK2Freq
                0x08004a88       0x28 ./Drivers/STM32F1xx_HAL_Driver/Src/stm32f1xx_hal_rcc.o
                0x08004a88                HAL_RCC_GetPCLK2Freq
 .text.HAL_RCC_GetClockConfig
                0x08004ab0       0x60 ./Drivers/STM32F1xx_HAL_Driver/Src/stm32f1xx_hal_rcc.o
                0x08004ab0                HAL_RCC_GetClockConfig
 .text.RCC_Delay
                0x08004b10       0x3c ./Drivers/STM32F1xx_HAL_Driver/Src/stm32f1xx_hal_rcc.o
 .text.HAL_RCCEx_PeriphCLKConfig
                0x08004b4c      0x264 ./Drivers/STM32F1xx_HAL_Driver/Src/stm32f1xx_hal_rcc_ex.o
                0x08004b4c                HAL_RCCEx_PeriphCLKConfig
 .text.HAL_RCCEx_GetPeriphCLKFreq
                0x08004db0      0x2a4 ./Drivers/STM32F1xx_HAL_Driver/Src/stm32f1xx_hal_rcc_ex.o
                0x08004db0                HAL_RCCEx_GetPeriphCLKFreq
 .text.HAL_SPI_Init
                0x08005054      0x108 ./Drivers/STM32F1xx_HAL_Driver/Src/stm32f1xx_hal_spi.o
                0x08005054                HAL_SPI_Init
 .text.HAL_SPI_Transmit
                0x0800515c      0x288 ./Drivers/STM32F1xx_HAL_Driver/Src/stm32f1xx_hal_spi.o
                0x0800515c                HAL_SPI_Transmit
 .text.HAL_SPI_Receive
                0x080053e4      0x232 ./Drivers/STM32F1xx_HAL_Driver/Src/stm32f1xx_hal_spi.o
                0x080053e4                HAL_SPI_Receive
 .text.HAL_SPI_TransmitReceive
                0x08005616      0x352 ./Drivers/STM32F1xx_HAL_Driver/Src/stm32f1xx_hal_spi.o
                0x08005616                HAL_SPI_TransmitReceive
 .text.HAL_SPI_IRQHandler
                0x08005968      0x1cc ./Drivers/STM32F1xx_HAL_Driver/Src/stm32f1xx_hal_spi.o
                0x08005968                HAL_SPI_IRQHandler
 .text.HAL_SPI_ErrorCallback
                0x08005b34       0x12 ./Drivers/STM32F1xx_HAL_Driver/Src/stm32f1xx_hal_spi.o
                0x08005b34                HAL_SPI_ErrorCallback
 .text.SPI_DMAAbortOnError
                0x08005b46       0x28 ./Drivers/STM32F1xx_HAL_Driver/Src/stm32f1xx_hal_spi.o
 *fill*         0x08005b6e        0x2 
 .text.SPI_WaitFlagStateUntilTimeout
                0x08005b70      0x110 ./Drivers/STM32F1xx_HAL_Driver/Src/stm32f1xx_hal_spi.o
 .text.SPI_EndRxTransaction
                0x08005c80       0xa4 ./Drivers/STM32F1xx_HAL_Driver/Src/stm32f1xx_hal_spi.o
 .text.SPI_EndRxTxTransaction
                0x08005d24       0x62 ./Drivers/STM32F1xx_HAL_Driver/Src/stm32f1xx_hal_spi.o
 .text.HAL_TIM_Base_Init
                0x08005d86       0x9e ./Drivers/STM32F1xx_HAL_Driver/Src/stm32f1xx_hal_tim.o
                0x08005d86                HAL_TIM_Base_Init
 .text.HAL_TIM_Base_MspInit
                0x08005e24       0x12 ./Drivers/STM32F1xx_HAL_Driver/Src/stm32f1xx_hal_tim.o
                0x08005e24                HAL_TIM_Base_MspInit
 *fill*         0x08005e36        0x2 
 .text.HAL_TIM_Base_Start_IT
                0x08005e38       0xb4 ./Drivers/STM32F1xx_HAL_Driver/Src/stm32f1xx_hal_tim.o
                0x08005e38                HAL_TIM_Base_Start_IT
 .text.HAL_TIM_IRQHandler
                0x08005eec      0x1e0 ./Drivers/STM32F1xx_HAL_Driver/Src/stm32f1xx_hal_tim.o
                0x08005eec                HAL_TIM_IRQHandler
 .text.HAL_TIM_OC_DelayElapsedCallback
                0x080060cc       0x12 ./Drivers/STM32F1xx_HAL_Driver/Src/stm32f1xx_hal_tim.o
                0x080060cc                HAL_TIM_OC_DelayElapsedCallback
 .text.HAL_TIM_IC_CaptureCallback
                0x080060de       0x12 ./Drivers/STM32F1xx_HAL_Driver/Src/stm32f1xx_hal_tim.o
                0x080060de                HAL_TIM_IC_CaptureCallback
 .text.HAL_TIM_PWM_PulseFinishedCallback
                0x080060f0       0x12 ./Drivers/STM32F1xx_HAL_Driver/Src/stm32f1xx_hal_tim.o
                0x080060f0                HAL_TIM_PWM_PulseFinishedCallback
 .text.HAL_TIM_TriggerCallback
                0x08006102       0x12 ./Drivers/STM32F1xx_HAL_Driver/Src/stm32f1xx_hal_tim.o
                0x08006102                HAL_TIM_TriggerCallback
 .text.TIM_Base_SetConfig
                0x08006114       0xf0 ./Drivers/STM32F1xx_HAL_Driver/Src/stm32f1xx_hal_tim.o
                0x08006114                TIM_Base_SetConfig
 .text.HAL_TIMEx_CommutCallback
                0x08006204       0x12 ./Drivers/STM32F1xx_HAL_Driver/Src/stm32f1xx_hal_tim_ex.o
                0x08006204                HAL_TIMEx_CommutCallback
 .text.HAL_TIMEx_BreakCallback
                0x08006216       0x12 ./Drivers/STM32F1xx_HAL_Driver/Src/stm32f1xx_hal_tim_ex.o
                0x08006216                HAL_TIMEx_BreakCallback
 .text.HAL_UART_Init
                0x08006228       0xa0 ./Drivers/STM32F1xx_HAL_Driver/Src/stm32f1xx_hal_uart.o
                0x08006228                HAL_UART_Init
 .text.HAL_UART_Transmit
                0x080062c8      0x116 ./Drivers/STM32F1xx_HAL_Driver/Src/stm32f1xx_hal_uart.o
                0x080062c8                HAL_UART_Transmit
 *fill*         0x080063de        0x2 
 .text.HAL_UART_IRQHandler
                0x080063e0      0x524 ./Drivers/STM32F1xx_HAL_Driver/Src/stm32f1xx_hal_uart.o
                0x080063e0                HAL_UART_IRQHandler
 .text.HAL_UART_TxCpltCallback
                0x08006904       0x12 ./Drivers/STM32F1xx_HAL_Driver/Src/stm32f1xx_hal_uart.o
                0x08006904                HAL_UART_TxCpltCallback
 .text.HAL_UART_RxCpltCallback
                0x08006916       0x12 ./Drivers/STM32F1xx_HAL_Driver/Src/stm32f1xx_hal_uart.o
                0x08006916                HAL_UART_RxCpltCallback
 .text.HAL_UART_ErrorCallback
                0x08006928       0x12 ./Drivers/STM32F1xx_HAL_Driver/Src/stm32f1xx_hal_uart.o
                0x08006928                HAL_UART_ErrorCallback
 .text.HAL_UARTEx_RxEventCallback
                0x0800693a       0x16 ./Drivers/STM32F1xx_HAL_Driver/Src/stm32f1xx_hal_uart.o
                0x0800693a                HAL_UARTEx_RxEventCallback
 .text.UART_WaitOnFlagUntilTimeout
                0x08006950       0xb2 ./Drivers/STM32F1xx_HAL_Driver/Src/stm32f1xx_hal_uart.o
 .text.UART_EndRxTransfer
                0x08006a02       0xc4 ./Drivers/STM32F1xx_HAL_Driver/Src/stm32f1xx_hal_uart.o
 .text.UART_DMAAbortOnError
                0x08006ac6       0x28 ./Drivers/STM32F1xx_HAL_Driver/Src/stm32f1xx_hal_uart.o
 .text.UART_Transmit_IT
                0x08006aee       0x9e ./Drivers/STM32F1xx_HAL_Driver/Src/stm32f1xx_hal_uart.o
 .text.UART_EndTransmit_IT
                0x08006b8c       0x30 ./Drivers/STM32F1xx_HAL_Driver/Src/stm32f1xx_hal_uart.o
 .text.UART_Receive_IT
                0x08006bbc      0x17c ./Drivers/STM32F1xx_HAL_Driver/Src/stm32f1xx_hal_uart.o
 .text.UART_SetConfig
                0x08006d38      0x11c ./Drivers/STM32F1xx_HAL_Driver/Src/stm32f1xx_hal_uart.o
 .text.USB_CoreInit
                0x08006e54       0x44 ./Drivers/STM32F1xx_HAL_Driver/Src/stm32f1xx_ll_usb.o
                0x08006e54                USB_CoreInit
 .text.USB_SetTurnaroundTime
                0x08006e98      0x138 ./Drivers/STM32F1xx_HAL_Driver/Src/stm32f1xx_ll_usb.o
                0x08006e98                USB_SetTurnaroundTime
 .text.USB_EnableGlobalInt
                0x08006fd0       0x20 ./Drivers/STM32F1xx_HAL_Driver/Src/stm32f1xx_ll_usb.o
                0x08006fd0                USB_EnableGlobalInt
 .text.USB_DisableGlobalInt
                0x08006ff0       0x20 ./Drivers/STM32F1xx_HAL_Driver/Src/stm32f1xx_ll_usb.o
                0x08006ff0                USB_DisableGlobalInt
 .text.USB_SetCurrentMode
                0x08007010       0x98 ./Drivers/STM32F1xx_HAL_Driver/Src/stm32f1xx_ll_usb.o
                0x08007010                USB_SetCurrentMode
 .text.USB_DevInit
                0x080070a8      0x250 ./Drivers/STM32F1xx_HAL_Driver/Src/stm32f1xx_ll_usb.o
                0x080070a8                USB_DevInit
 .text.USB_FlushTxFifo
                0x080072f8       0x62 ./Drivers/STM32F1xx_HAL_Driver/Src/stm32f1xx_ll_usb.o
                0x080072f8                USB_FlushTxFifo
 .text.USB_FlushRxFifo
                0x0800735a       0x5a ./Drivers/STM32F1xx_HAL_Driver/Src/stm32f1xx_ll_usb.o
                0x0800735a                USB_FlushRxFifo
 .text.USB_SetDevSpeed
                0x080073b4       0x30 ./Drivers/STM32F1xx_HAL_Driver/Src/stm32f1xx_ll_usb.o
                0x080073b4                USB_SetDevSpeed
 .text.USB_GetDevSpeed
                0x080073e4       0x3c ./Drivers/STM32F1xx_HAL_Driver/Src/stm32f1xx_ll_usb.o
                0x080073e4                USB_GetDevSpeed
 .text.USB_ActivateEndpoint
                0x08007420      0x10c ./Drivers/STM32F1xx_HAL_Driver/Src/stm32f1xx_ll_usb.o
                0x08007420                USB_ActivateEndpoint
 .text.USB_DeactivateEndpoint
                0x0800752c      0x1b8 ./Drivers/STM32F1xx_HAL_Driver/Src/stm32f1xx_ll_usb.o
                0x0800752c                USB_DeactivateEndpoint
 .text.USB_EPStartXfer
                0x080076e4      0x464 ./Drivers/STM32F1xx_HAL_Driver/Src/stm32f1xx_ll_usb.o
                0x080076e4                USB_EPStartXfer
 .text.USB_EPStopXfer
                0x08007b48      0x152 ./Drivers/STM32F1xx_HAL_Driver/Src/stm32f1xx_ll_usb.o
                0x08007b48                USB_EPStopXfer
 .text.USB_WritePacket
                0x08007c9a       0x72 ./Drivers/STM32F1xx_HAL_Driver/Src/stm32f1xx_ll_usb.o
                0x08007c9a                USB_WritePacket
 .text.USB_ReadPacket
                0x08007d0c       0xae ./Drivers/STM32F1xx_HAL_Driver/Src/stm32f1xx_ll_usb.o
                0x08007d0c                USB_ReadPacket
 .text.USB_EPSetStall
                0x08007dba       0xda ./Drivers/STM32F1xx_HAL_Driver/Src/stm32f1xx_ll_usb.o
                0x08007dba                USB_EPSetStall
 .text.USB_EPClearStall
                0x08007e94       0xca ./Drivers/STM32F1xx_HAL_Driver/Src/stm32f1xx_ll_usb.o
                0x08007e94                USB_EPClearStall
 .text.USB_SetDevAddress
                0x08007f5e       0x4a ./Drivers/STM32F1xx_HAL_Driver/Src/stm32f1xx_ll_usb.o
                0x08007f5e                USB_SetDevAddress
 .text.USB_DevConnect
                0x08007fa8       0x40 ./Drivers/STM32F1xx_HAL_Driver/Src/stm32f1xx_ll_usb.o
                0x08007fa8                USB_DevConnect
 .text.USB_DevDisconnect
                0x08007fe8       0x40 ./Drivers/STM32F1xx_HAL_Driver/Src/stm32f1xx_ll_usb.o
                0x08007fe8                USB_DevDisconnect
 .text.USB_ReadInterrupts
                0x08008028       0x24 ./Drivers/STM32F1xx_HAL_Driver/Src/stm32f1xx_ll_usb.o
                0x08008028                USB_ReadInterrupts
 .text.USB_ReadDevAllOutEpInterrupt
                0x0800804c       0x32 ./Drivers/STM32F1xx_HAL_Driver/Src/stm32f1xx_ll_usb.o
                0x0800804c                USB_ReadDevAllOutEpInterrupt
 .text.USB_ReadDevAllInEpInterrupt
                0x0800807e       0x32 ./Drivers/STM32F1xx_HAL_Driver/Src/stm32f1xx_ll_usb.o
                0x0800807e                USB_ReadDevAllInEpInterrupt
 .text.USB_ReadDevOutEPInterrupt
                0x080080b0       0x3a ./Drivers/STM32F1xx_HAL_Driver/Src/stm32f1xx_ll_usb.o
                0x080080b0                USB_ReadDevOutEPInterrupt
 .text.USB_ReadDevInEPInterrupt
                0x080080ea       0x5a ./Drivers/STM32F1xx_HAL_Driver/Src/stm32f1xx_ll_usb.o
                0x080080ea                USB_ReadDevInEPInterrupt
 .text.USB_GetMode
                0x08008144       0x1a ./Drivers/STM32F1xx_HAL_Driver/Src/stm32f1xx_ll_usb.o
                0x08008144                USB_GetMode
 .text.USB_ActivateSetup
                0x0800815e       0x44 ./Drivers/STM32F1xx_HAL_Driver/Src/stm32f1xx_ll_usb.o
                0x0800815e                USB_ActivateSetup
 *fill*         0x080081a2        0x2 
 .text.USB_EP0_OutStart
                0x080081a4       0x90 ./Drivers/STM32F1xx_HAL_Driver/Src/stm32f1xx_ll_usb.o
                0x080081a4                USB_EP0_OutStart
 .text.USB_CoreReset
                0x08008234       0x60 ./Drivers/STM32F1xx_HAL_Driver/Src/stm32f1xx_ll_usb.o
 .text.csn_high
                0x08008294       0x18 ./Drivers/nrf24/NRF24.o
                0x08008294                csn_high
 .text.csn_low  0x080082ac       0x18 ./Drivers/nrf24/NRF24.o
                0x080082ac                csn_low
 .text.ce_high  0x080082c4       0x18 ./Drivers/nrf24/NRF24.o
                0x080082c4                ce_high
 .text.ce_low   0x080082dc       0x18 ./Drivers/nrf24/NRF24.o
                0x080082dc                ce_low
 .text.nrf24_w_reg
                0x080082f4       0x50 ./Drivers/nrf24/NRF24.o
                0x080082f4                nrf24_w_reg
 .text.nrf24_r_reg
                0x08008344       0x50 ./Drivers/nrf24/NRF24.o
                0x08008344                nrf24_r_reg
 .text.nrf24_w_spec_cmd
                0x08008394       0x24 ./Drivers/nrf24/NRF24.o
                0x08008394                nrf24_w_spec_cmd
 .text.nrf24_pwr_up
                0x080083b8       0x34 ./Drivers/nrf24/NRF24.o
                0x080083b8                nrf24_pwr_up
 .text.nrf24_tx_pwr
                0x080083ec       0x4e ./Drivers/nrf24/NRF24.o
                0x080083ec                nrf24_tx_pwr
 .text.nrf24_data_rate
                0x0800843a       0x5c ./Drivers/nrf24/NRF24.o
                0x0800843a                nrf24_data_rate
 .text.nrf24_set_channel
                0x08008496       0x1e ./Drivers/nrf24/NRF24.o
                0x08008496                nrf24_set_channel
 .text.nrf24_open_tx_pipe
                0x080084b4       0x1a ./Drivers/nrf24/NRF24.o
                0x080084b4                nrf24_open_tx_pipe
 *fill*         0x080084ce        0x2 
 .text.nrf24_pipe_pld_size
                0x080084d0       0x9c ./Drivers/nrf24/NRF24.o
                0x080084d0                nrf24_pipe_pld_size
 .text.nrf24_open_rx_pipe
                0x0800856c       0xdc ./Drivers/nrf24/NRF24.o
                0x0800856c                nrf24_open_rx_pipe
 .text.nrf24_set_crc
                0x08008648       0x5c ./Drivers/nrf24/NRF24.o
                0x08008648                nrf24_set_crc
 .text.nrf24_set_addr_width
                0x080086a4       0x26 ./Drivers/nrf24/NRF24.o
                0x080086a4                nrf24_set_addr_width
 .text.nrf24_flush_tx
                0x080086ca       0x16 ./Drivers/nrf24/NRF24.o
                0x080086ca                nrf24_flush_tx
 .text.nrf24_flush_rx
                0x080086e0       0x16 ./Drivers/nrf24/NRF24.o
                0x080086e0                nrf24_flush_rx
 *fill*         0x080086f6        0x2 
 .text.nrf24_r_status
                0x080086f8       0x38 ./Drivers/nrf24/NRF24.o
                0x080086f8                nrf24_r_status
 .text.nrf24_clear_rx_dr
                0x08008730       0x30 ./Drivers/nrf24/NRF24.o
                0x08008730                nrf24_clear_rx_dr
 .text.nrf24_clear_tx_ds
                0x08008760       0x30 ./Drivers/nrf24/NRF24.o
                0x08008760                nrf24_clear_tx_ds
 .text.nrf24_clear_max_rt
                0x08008790       0x30 ./Drivers/nrf24/NRF24.o
                0x08008790                nrf24_clear_max_rt
 .text.nrf24_stop_listen
                0x080087c0       0x34 ./Drivers/nrf24/NRF24.o
                0x080087c0                nrf24_stop_listen
 .text.nrf24_dpl
                0x080087f4       0x48 ./Drivers/nrf24/NRF24.o
                0x080087f4                nrf24_dpl
 .text.nrf24_set_rx_dpl
                0x0800883c       0x74 ./Drivers/nrf24/NRF24.o
                0x0800883c                nrf24_set_rx_dpl
 .text.nrf24_auto_ack_all
                0x080088b0       0x3c ./Drivers/nrf24/NRF24.o
                0x080088b0                nrf24_auto_ack_all
 .text.nrf24_en_ack_pld
                0x080088ec       0x48 ./Drivers/nrf24/NRF24.o
                0x080088ec                nrf24_en_ack_pld
 .text.nrf24_en_dyn_ack
                0x08008934       0x48 ./Drivers/nrf24/NRF24.o
                0x08008934                nrf24_en_dyn_ack
 .text.nrf24_auto_retr_delay
                0x0800897c       0x4a ./Drivers/nrf24/NRF24.o
                0x0800897c                nrf24_auto_retr_delay
 .text.nrf24_auto_retr_limit
                0x080089c6       0x40 ./Drivers/nrf24/NRF24.o
                0x080089c6                nrf24_auto_retr_limit
 .text.nrf24_type_to_uint8_t
                0x08008a06       0x50 ./Drivers/nrf24/NRF24.o
                0x08008a06                nrf24_type_to_uint8_t
 *fill*         0x08008a56        0x2 
 .text.nrf24_transmit
                0x08008a58       0x74 ./Drivers/nrf24/NRF24.o
                0x08008a58                nrf24_transmit
 .text.nrf24_receive
                0x08008acc       0x48 ./Drivers/nrf24/NRF24.o
                0x08008acc                nrf24_receive
 .text.nrf24_init
                0x08008b14       0x20 ./Drivers/nrf24/NRF24.o
                0x08008b14                nrf24_init
 .text.USBD_CDC_Init
                0x08008b34       0xf4 ./Middlewares/ST/STM32_USB_Device_Library/Class/CDC/Src/usbd_cdc.o
 .text.USBD_CDC_DeInit
                0x08008c28       0x6e ./Middlewares/ST/STM32_USB_Device_Library/Class/CDC/Src/usbd_cdc.o
 .text.USBD_CDC_Setup
                0x08008c96      0x146 ./Middlewares/ST/STM32_USB_Device_Library/Class/CDC/Src/usbd_cdc.o
 .text.USBD_CDC_DataIn
                0x08008ddc       0xa6 ./Middlewares/ST/STM32_USB_Device_Library/Class/CDC/Src/usbd_cdc.o
 .text.USBD_CDC_DataOut
                0x08008e82       0x56 ./Middlewares/ST/STM32_USB_Device_Library/Class/CDC/Src/usbd_cdc.o
 .text.USBD_CDC_EP0_RxReady
                0x08008ed8       0x4e ./Middlewares/ST/STM32_USB_Device_Library/Class/CDC/Src/usbd_cdc.o
 *fill*         0x08008f26        0x2 
 .text.USBD_CDC_GetFSCfgDesc
                0x08008f28       0x20 ./Middlewares/ST/STM32_USB_Device_Library/Class/CDC/Src/usbd_cdc.o
 .text.USBD_CDC_GetHSCfgDesc
                0x08008f48       0x20 ./Middlewares/ST/STM32_USB_Device_Library/Class/CDC/Src/usbd_cdc.o
 .text.USBD_CDC_GetOtherSpeedCfgDesc
                0x08008f68       0x20 ./Middlewares/ST/STM32_USB_Device_Library/Class/CDC/Src/usbd_cdc.o
 .text.USBD_CDC_GetDeviceQualifierDescriptor
                0x08008f88       0x20 ./Middlewares/ST/STM32_USB_Device_Library/Class/CDC/Src/usbd_cdc.o
                0x08008f88                USBD_CDC_GetDeviceQualifierDescriptor
 .text.USBD_CDC_RegisterInterface
                0x08008fa8       0x2c ./Middlewares/ST/STM32_USB_Device_Library/Class/CDC/Src/usbd_cdc.o
                0x08008fa8                USBD_CDC_RegisterInterface
 .text.USBD_CDC_SetTxBuffer
                0x08008fd4       0x32 ./Middlewares/ST/STM32_USB_Device_Library/Class/CDC/Src/usbd_cdc.o
                0x08008fd4                USBD_CDC_SetTxBuffer
 .text.USBD_CDC_SetRxBuffer
                0x08009006       0x26 ./Middlewares/ST/STM32_USB_Device_Library/Class/CDC/Src/usbd_cdc.o
                0x08009006                USBD_CDC_SetRxBuffer
 .text.USBD_CDC_ReceivePacket
                0x0800902c       0x54 ./Middlewares/ST/STM32_USB_Device_Library/Class/CDC/Src/usbd_cdc.o
                0x0800902c                USBD_CDC_ReceivePacket
 .text.USBD_Init
                0x08009080       0x70 ./Middlewares/ST/STM32_USB_Device_Library/Core/Src/usbd_core.o
                0x08009080                USBD_Init
 .text.USBD_RegisterClass
                0x080090f0       0x4c ./Middlewares/ST/STM32_USB_Device_Library/Core/Src/usbd_core.o
                0x080090f0                USBD_RegisterClass
 .text.USBD_Start
                0x0800913c       0x18 ./Middlewares/ST/STM32_USB_Device_Library/Core/Src/usbd_core.o
                0x0800913c                USBD_Start
 .text.USBD_RunTestMode
                0x08009154       0x14 ./Middlewares/ST/STM32_USB_Device_Library/Core/Src/usbd_core.o
                0x08009154                USBD_RunTestMode
 .text.USBD_SetClassConfig
                0x08009168       0x3e ./Middlewares/ST/STM32_USB_Device_Library/Core/Src/usbd_core.o
                0x08009168                USBD_SetClassConfig
 .text.USBD_ClrClassConfig
                0x080091a6       0x26 ./Middlewares/ST/STM32_USB_Device_Library/Core/Src/usbd_core.o
                0x080091a6                USBD_ClrClassConfig
 .text.USBD_LL_SetupStage
                0x080091cc       0x9a ./Middlewares/ST/STM32_USB_Device_Library/Core/Src/usbd_core.o
                0x080091cc                USBD_LL_SetupStage
 .text.USBD_LL_DataOutStage
                0x08009266       0xe2 ./Middlewares/ST/STM32_USB_Device_Library/Core/Src/usbd_core.o
                0x08009266                USBD_LL_DataOutStage
 .text.USBD_LL_DataInStage
                0x08009348      0x14a ./Middlewares/ST/STM32_USB_Device_Library/Core/Src/usbd_core.o
                0x08009348                USBD_LL_DataInStage
 .text.USBD_LL_Reset
                0x08009492       0x82 ./Middlewares/ST/STM32_USB_Device_Library/Core/Src/usbd_core.o
                0x08009492                USBD_LL_Reset
 .text.USBD_LL_SetSpeed
                0x08009514       0x1e ./Middlewares/ST/STM32_USB_Device_Library/Core/Src/usbd_core.o
                0x08009514                USBD_LL_SetSpeed
 .text.USBD_LL_Suspend
                0x08009532       0x28 ./Middlewares/ST/STM32_USB_Device_Library/Core/Src/usbd_core.o
                0x08009532                USBD_LL_Suspend
 .text.USBD_LL_Resume
                0x0800955a       0x2a ./Middlewares/ST/STM32_USB_Device_Library/Core/Src/usbd_core.o
                0x0800955a                USBD_LL_Resume
 .text.USBD_LL_SOF
                0x08009584       0x34 ./Middlewares/ST/STM32_USB_Device_Library/Core/Src/usbd_core.o
                0x08009584                USBD_LL_SOF
 .text.USBD_LL_IsoINIncomplete
                0x080095b8       0x18 ./Middlewares/ST/STM32_USB_Device_Library/Core/Src/usbd_core.o
                0x080095b8                USBD_LL_IsoINIncomplete
 .text.USBD_LL_IsoOUTIncomplete
                0x080095d0       0x18 ./Middlewares/ST/STM32_USB_Device_Library/Core/Src/usbd_core.o
                0x080095d0                USBD_LL_IsoOUTIncomplete
 .text.USBD_LL_DevConnected
                0x080095e8       0x14 ./Middlewares/ST/STM32_USB_Device_Library/Core/Src/usbd_core.o
                0x080095e8                USBD_LL_DevConnected
 .text.USBD_LL_DevDisconnected
                0x080095fc       0x2e ./Middlewares/ST/STM32_USB_Device_Library/Core/Src/usbd_core.o
                0x080095fc                USBD_LL_DevDisconnected
 *fill*         0x0800962a        0x2 
 .text.USBD_StdDevReq
                0x0800962c       0xd4 ./Middlewares/ST/STM32_USB_Device_Library/Core/Src/usbd_ctlreq.o
                0x0800962c                USBD_StdDevReq
 .text.USBD_StdItfReq
                0x08009700       0x90 ./Middlewares/ST/STM32_USB_Device_Library/Core/Src/usbd_ctlreq.o
                0x08009700                USBD_StdItfReq
 .text.USBD_StdEPReq
                0x08009790      0x2c6 ./Middlewares/ST/STM32_USB_Device_Library/Core/Src/usbd_ctlreq.o
                0x08009790                USBD_StdEPReq
 *fill*         0x08009a56        0x2 
 .text.USBD_GetDescriptor
                0x08009a58      0x2d0 ./Middlewares/ST/STM32_USB_Device_Library/Core/Src/usbd_ctlreq.o
 .text.USBD_SetAddress
                0x08009d28       0x86 ./Middlewares/ST/STM32_USB_Device_Library/Core/Src/usbd_ctlreq.o
 *fill*         0x08009dae        0x2 
 .text.USBD_SetConfig
                0x08009db0      0x11c ./Middlewares/ST/STM32_USB_Device_Library/Core/Src/usbd_ctlreq.o
 .text.USBD_GetConfig
                0x08009ecc       0x6a ./Middlewares/ST/STM32_USB_Device_Library/Core/Src/usbd_ctlreq.o
 .text.USBD_GetStatus
                0x08009f36       0x66 ./Middlewares/ST/STM32_USB_Device_Library/Core/Src/usbd_ctlreq.o
 .text.USBD_SetFeature
                0x08009f9c       0x28 ./Middlewares/ST/STM32_USB_Device_Library/Core/Src/usbd_ctlreq.o
 .text.USBD_ClrFeature
                0x08009fc4       0x42 ./Middlewares/ST/STM32_USB_Device_Library/Core/Src/usbd_ctlreq.o
 .text.USBD_ParseSetupRequest
                0x0800a006       0x72 ./Middlewares/ST/STM32_USB_Device_Library/Core/Src/usbd_ctlreq.o
                0x0800a006                USBD_ParseSetupRequest
 .text.USBD_CtlError
                0x0800a078       0x22 ./Middlewares/ST/STM32_USB_Device_Library/Core/Src/usbd_ctlreq.o
                0x0800a078                USBD_CtlError
 .text.USBD_GetString
                0x0800a09a       0x84 ./Middlewares/ST/STM32_USB_Device_Library/Core/Src/usbd_ctlreq.o
                0x0800a09a                USBD_GetString
 .text.USBD_GetLen
                0x0800a11e       0x2e ./Middlewares/ST/STM32_USB_Device_Library/Core/Src/usbd_ctlreq.o
 .text.USBD_CtlSendData
                0x0800a14c       0x38 ./Middlewares/ST/STM32_USB_Device_Library/Core/Src/usbd_ioreq.o
                0x0800a14c                USBD_CtlSendData
 .text.USBD_CtlContinueSendData
                0x0800a184       0x24 ./Middlewares/ST/STM32_USB_Device_Library/Core/Src/usbd_ioreq.o
                0x0800a184                USBD_CtlContinueSendData
 .text.USBD_CtlPrepareRx
                0x0800a1a8       0x3c ./Middlewares/ST/STM32_USB_Device_Library/Core/Src/usbd_ioreq.o
                0x0800a1a8                USBD_CtlPrepareRx
 .text.USBD_CtlContinueRx
                0x0800a1e4       0x24 ./Middlewares/ST/STM32_USB_Device_Library/Core/Src/usbd_ioreq.o
                0x0800a1e4                USBD_CtlContinueRx
 .text.USBD_CtlSendStatus
                0x0800a208       0x26 ./Middlewares/ST/STM32_USB_Device_Library/Core/Src/usbd_ioreq.o
                0x0800a208                USBD_CtlSendStatus
 .text.USBD_CtlReceiveStatus
                0x0800a22e       0x26 ./Middlewares/ST/STM32_USB_Device_Library/Core/Src/usbd_ioreq.o
                0x0800a22e                USBD_CtlReceiveStatus
 .text.MX_USB_DEVICE_Init
                0x0800a254       0x60 ./USB_DEVICE/App/usb_device.o
                0x0800a254                MX_USB_DEVICE_Init
 .text.CDC_Init_FS
                0x0800a2b4       0x28 ./USB_DEVICE/App/usbd_cdc_if.o
 .text.CDC_DeInit_FS
                0x0800a2dc        0xe ./USB_DEVICE/App/usbd_cdc_if.o
 *fill*         0x0800a2ea        0x2 
 .text.CDC_Control_FS
                0x0800a2ec       0xbc ./USB_DEVICE/App/usbd_cdc_if.o
 .text.CDC_Receive_FS
                0x0800a3a8       0x28 ./USB_DEVICE/App/usbd_cdc_if.o
 .text.USBD_FS_DeviceDescriptor
                0x0800a3d0       0x24 ./USB_DEVICE/App/usbd_desc.o
                0x0800a3d0                USBD_FS_DeviceDescriptor
 .text.USBD_FS_LangIDStrDescriptor
                0x0800a3f4       0x24 ./USB_DEVICE/App/usbd_desc.o
                0x0800a3f4                USBD_FS_LangIDStrDescriptor
 .text.USBD_FS_ProductStrDescriptor
                0x0800a418       0x3c ./USB_DEVICE/App/usbd_desc.o
                0x0800a418                USBD_FS_ProductStrDescriptor
 .text.USBD_FS_ManufacturerStrDescriptor
                0x0800a454       0x28 ./USB_DEVICE/App/usbd_desc.o
                0x0800a454                USBD_FS_ManufacturerStrDescriptor
 .text.USBD_FS_SerialStrDescriptor
                0x0800a47c       0x24 ./USB_DEVICE/App/usbd_desc.o
                0x0800a47c                USBD_FS_SerialStrDescriptor
 .text.USBD_FS_ConfigStrDescriptor
                0x0800a4a0       0x3c ./USB_DEVICE/App/usbd_desc.o
                0x0800a4a0                USBD_FS_ConfigStrDescriptor
 .text.USBD_FS_InterfaceStrDescriptor
                0x0800a4dc       0x3c ./USB_DEVICE/App/usbd_desc.o
                0x0800a4dc                USBD_FS_InterfaceStrDescriptor
 .text.Get_SerialNum
                0x0800a518       0x58 ./USB_DEVICE/App/usbd_desc.o
 .text.IntToUnicode
                0x0800a570       0x7c ./USB_DEVICE/App/usbd_desc.o
 .text.HAL_PCD_MspInit
                0x0800a5ec       0x48 ./USB_DEVICE/Target/usbd_conf.o
                0x0800a5ec                HAL_PCD_MspInit
 .text.HAL_PCD_SetupStageCallback
                0x0800a634       0x24 ./USB_DEVICE/Target/usbd_conf.o
                0x0800a634                HAL_PCD_SetupStageCallback
 .text.HAL_PCD_DataOutStageCallback
                0x0800a658       0x36 ./USB_DEVICE/Target/usbd_conf.o
                0x0800a658                HAL_PCD_DataOutStageCallback
 .text.HAL_PCD_DataInStageCallback
                0x0800a68e       0x34 ./USB_DEVICE/Target/usbd_conf.o
                0x0800a68e                HAL_PCD_DataInStageCallback
 .text.HAL_PCD_SOFCallback
                0x0800a6c2       0x1c ./USB_DEVICE/Target/usbd_conf.o
                0x0800a6c2                HAL_PCD_SOFCallback
 .text.HAL_PCD_ResetCallback
                0x0800a6de       0x3c ./USB_DEVICE/Target/usbd_conf.o
                0x0800a6de                HAL_PCD_ResetCallback
 *fill*         0x0800a71a        0x2 
 .text.HAL_PCD_SuspendCallback
                0x0800a71c       0x4c ./USB_DEVICE/Target/usbd_conf.o
                0x0800a71c                HAL_PCD_SuspendCallback
 .text.HAL_PCD_ResumeCallback
                0x0800a768       0x1c ./USB_DEVICE/Target/usbd_conf.o
                0x0800a768                HAL_PCD_ResumeCallback
 .text.HAL_PCD_ISOOUTIncompleteCallback
                0x0800a784       0x24 ./USB_DEVICE/Target/usbd_conf.o
                0x0800a784                HAL_PCD_ISOOUTIncompleteCallback
 .text.HAL_PCD_ISOINIncompleteCallback
                0x0800a7a8       0x24 ./USB_DEVICE/Target/usbd_conf.o
                0x0800a7a8                HAL_PCD_ISOINIncompleteCallback
 .text.HAL_PCD_ConnectCallback
                0x0800a7cc       0x1c ./USB_DEVICE/Target/usbd_conf.o
                0x0800a7cc                HAL_PCD_ConnectCallback
 .text.HAL_PCD_DisconnectCallback
                0x0800a7e8       0x1c ./USB_DEVICE/Target/usbd_conf.o
                0x0800a7e8                HAL_PCD_DisconnectCallback
 .text.USBD_LL_Init
                0x0800a804       0x88 ./USB_DEVICE/Target/usbd_conf.o
                0x0800a804                USBD_LL_Init
 .text.USBD_LL_Start
                0x0800a88c       0x36 ./USB_DEVICE/Target/usbd_conf.o
                0x0800a88c                USBD_LL_Start
 .text.USBD_LL_OpenEP
                0x0800a8c2       0x4c ./USB_DEVICE/Target/usbd_conf.o
                0x0800a8c2                USBD_LL_OpenEP
 .text.USBD_LL_CloseEP
                0x0800a90e       0x3e ./USB_DEVICE/Target/usbd_conf.o
                0x0800a90e                USBD_LL_CloseEP
 .text.USBD_LL_StallEP
                0x0800a94c       0x3e ./USB_DEVICE/Target/usbd_conf.o
                0x0800a94c                USBD_LL_StallEP
 .text.USBD_LL_ClearStallEP
                0x0800a98a       0x3e ./USB_DEVICE/Target/usbd_conf.o
                0x0800a98a                USBD_LL_ClearStallEP
 .text.USBD_LL_IsStallEP
                0x0800a9c8       0x56 ./USB_DEVICE/Target/usbd_conf.o
                0x0800a9c8                USBD_LL_IsStallEP
 .text.USBD_LL_SetUSBAddress
                0x0800aa1e       0x3e ./USB_DEVICE/Target/usbd_conf.o
                0x0800aa1e                USBD_LL_SetUSBAddress
 .text.USBD_LL_Transmit
                0x0800aa5c       0x46 ./USB_DEVICE/Target/usbd_conf.o
                0x0800aa5c                USBD_LL_Transmit
 .text.USBD_LL_PrepareReceive
                0x0800aaa2       0x46 ./USB_DEVICE/Target/usbd_conf.o
                0x0800aaa2                USBD_LL_PrepareReceive
 .text.USBD_LL_GetRxDataSize
                0x0800aae8       0x26 ./USB_DEVICE/Target/usbd_conf.o
                0x0800aae8                USBD_LL_GetRxDataSize
 *fill*         0x0800ab0e        0x2 
 .text.USBD_static_malloc
                0x0800ab10       0x18 ./USB_DEVICE/Target/usbd_conf.o
                0x0800ab10                USBD_static_malloc
 .text.USBD_static_free
                0x0800ab28       0x12 ./USB_DEVICE/Target/usbd_conf.o
                0x0800ab28                USBD_static_free
 *fill*         0x0800ab3a        0x2 
 .text.USBD_Get_USB_Status
                0x0800ab3c       0x58 ./USB_DEVICE/Target/usbd_conf.o
 .text.std      0x0800ab94       0x6c /opt/stm32cubeide/plugins/com.st.stm32cube.ide.mcu.externaltools.gnu-tools-for-stm32.13.3.rel1.linux64_1.0.0.202410170706/tools/bin/../lib/gcc/arm-none-eabi/13.3.1/../../../../arm-none-eabi/lib/thumb/v7-m/nofp/libc_nano.a(libc_a-findfp.o)
 .text.stdio_exit_handler
                0x0800ac00       0x18 /opt/stm32cubeide/plugins/com.st.stm32cube.ide.mcu.externaltools.gnu-tools-for-stm32.13.3.rel1.linux64_1.0.0.202410170706/tools/bin/../lib/gcc/arm-none-eabi/13.3.1/../../../../arm-none-eabi/lib/thumb/v7-m/nofp/libc_nano.a(libc_a-findfp.o)
 .text.cleanup_stdio
                0x0800ac18       0x40 /opt/stm32cubeide/plugins/com.st.stm32cube.ide.mcu.externaltools.gnu-tools-for-stm32.13.3.rel1.linux64_1.0.0.202410170706/tools/bin/../lib/gcc/arm-none-eabi/13.3.1/../../../../arm-none-eabi/lib/thumb/v7-m/nofp/libc_nano.a(libc_a-findfp.o)
 .text.global_stdio_init.part.0
                0x0800ac58       0x3c /opt/stm32cubeide/plugins/com.st.stm32cube.ide.mcu.externaltools.gnu-tools-for-stm32.13.3.rel1.linux64_1.0.0.202410170706/tools/bin/../lib/gcc/arm-none-eabi/13.3.1/../../../../arm-none-eabi/lib/thumb/v7-m/nofp/libc_nano.a(libc_a-findfp.o)
 .text.__sfp_lock_acquire
                0x0800ac94        0xc /opt/stm32cubeide/plugins/com.st.stm32cube.ide.mcu.externaltools.gnu-tools-for-stm32.13.3.rel1.linux64_1.0.0.202410170706/tools/bin/../lib/gcc/arm-none-eabi/13.3.1/../../../../arm-none-eabi/lib/thumb/v7-m/nofp/libc_nano.a(libc_a-findfp.o)
                0x0800ac94                __sfp_lock_acquire
 .text.__sfp_lock_release
                0x0800aca0        0xc /opt/stm32cubeide/plugins/com.st.stm32cube.ide.mcu.externaltools.gnu-tools-for-stm32.13.3.rel1.linux64_1.0.0.202410170706/tools/bin/../lib/gcc/arm-none-eabi/13.3.1/../../../../arm-none-eabi/lib/thumb/v7-m/nofp/libc_nano.a(libc_a-findfp.o)
                0x0800aca0                __sfp_lock_release
 .text.__sinit  0x0800acac       0x30 /opt/stm32cubeide/plugins/com.st.stm32cube.ide.mcu.externaltools.gnu-tools-for-stm32.13.3.rel1.linux64_1.0.0.202410170706/tools/bin/../lib/gcc/arm-none-eabi/13.3.1/../../../../arm-none-eabi/lib/thumb/v7-m/nofp/libc_nano.a(libc_a-findfp.o)
                0x0800acac                __sinit
 .text._fwalk_sglue
                0x0800acdc       0x3c /opt/stm32cubeide/plugins/com.st.stm32cube.ide.mcu.externaltools.gnu-tools-for-stm32.13.3.rel1.linux64_1.0.0.202410170706/tools/bin/../lib/gcc/arm-none-eabi/13.3.1/../../../../arm-none-eabi/lib/thumb/v7-m/nofp/libc_nano.a(libc_a-fwalk.o)
                0x0800acdc                _fwalk_sglue
 .text.printf   0x0800ad18       0x24 /opt/stm32cubeide/plugins/com.st.stm32cube.ide.mcu.externaltools.gnu-tools-for-stm32.13.3.rel1.linux64_1.0.0.202410170706/tools/bin/../lib/gcc/arm-none-eabi/13.3.1/../../../../arm-none-eabi/lib/thumb/v7-m/nofp/libc_nano.a(libc_a-printf.o)
                0x0800ad18                printf
                0x0800ad18                iprintf
 .text.putchar  0x0800ad3c       0x10 /opt/stm32cubeide/plugins/com.st.stm32cube.ide.mcu.externaltools.gnu-tools-for-stm32.13.3.rel1.linux64_1.0.0.202410170706/tools/bin/../lib/gcc/arm-none-eabi/13.3.1/../../../../arm-none-eabi/lib/thumb/v7-m/nofp/libc_nano.a(libc_a-putchar.o)
                0x0800ad3c                putchar
 .text.sprintf  0x0800ad4c       0x44 /opt/stm32cubeide/plugins/com.st.stm32cube.ide.mcu.externaltools.gnu-tools-for-stm32.13.3.rel1.linux64_1.0.0.202410170706/tools/bin/../lib/gcc/arm-none-eabi/13.3.1/../../../../arm-none-eabi/lib/thumb/v7-m/nofp/libc_nano.a(libc_a-sprintf.o)
                0x0800ad4c                sprintf
                0x0800ad4c                siprintf
 .text.__sread  0x0800ad90       0x22 /opt/stm32cubeide/plugins/com.st.stm32cube.ide.mcu.externaltools.gnu-tools-for-stm32.13.3.rel1.linux64_1.0.0.202410170706/tools/bin/../lib/gcc/arm-none-eabi/13.3.1/../../../../arm-none-eabi/lib/thumb/v7-m/nofp/libc_nano.a(libc_a-stdio.o)
                0x0800ad90                __sread
 .text.__swrite
                0x0800adb2       0x38 /opt/stm32cubeide/plugins/com.st.stm32cube.ide.mcu.externaltools.gnu-tools-for-stm32.13.3.rel1.linux64_1.0.0.202410170706/tools/bin/../lib/gcc/arm-none-eabi/13.3.1/../../../../arm-none-eabi/lib/thumb/v7-m/nofp/libc_nano.a(libc_a-stdio.o)
                0x0800adb2                __swrite
 .text.__sseek  0x0800adea       0x24 /opt/stm32cubeide/plugins/com.st.stm32cube.ide.mcu.externaltools.gnu-tools-for-stm32.13.3.rel1.linux64_1.0.0.202410170706/tools/bin/../lib/gcc/arm-none-eabi/13.3.1/../../../../arm-none-eabi/lib/thumb/v7-m/nofp/libc_nano.a(libc_a-stdio.o)
                0x0800adea                __sseek
 .text.__sclose
                0x0800ae0e        0x8 /opt/stm32cubeide/plugins/com.st.stm32cube.ide.mcu.externaltools.gnu-tools-for-stm32.13.3.rel1.linux64_1.0.0.202410170706/tools/bin/../lib/gcc/arm-none-eabi/13.3.1/../../../../arm-none-eabi/lib/thumb/v7-m/nofp/libc_nano.a(libc_a-stdio.o)
                0x0800ae0e                __sclose
 .text.memset   0x0800ae16       0x10 /opt/stm32cubeide/plugins/com.st.stm32cube.ide.mcu.externaltools.gnu-tools-for-stm32.13.3.rel1.linux64_1.0.0.202410170706/tools/bin/../lib/gcc/arm-none-eabi/13.3.1/../../../../arm-none-eabi/lib/thumb/v7-m/nofp/libc_nano.a(libc_a-memset.o)
                0x0800ae16                memset
 *fill*         0x0800ae26        0x2 
 .text._close_r
                0x0800ae28       0x20 /opt/stm32cubeide/plugins/com.st.stm32cube.ide.mcu.externaltools.gnu-tools-for-stm32.13.3.rel1.linux64_1.0.0.202410170706/tools/bin/../lib/gcc/arm-none-eabi/13.3.1/../../../../arm-none-eabi/lib/thumb/v7-m/nofp/libc_nano.a(libc_a-closer.o)
                0x0800ae28                _close_r
 .text._lseek_r
                0x0800ae48       0x24 /opt/stm32cubeide/plugins/com.st.stm32cube.ide.mcu.externaltools.gnu-tools-for-stm32.13.3.rel1.linux64_1.0.0.202410170706/tools/bin/../lib/gcc/arm-none-eabi/13.3.1/../../../../arm-none-eabi/lib/thumb/v7-m/nofp/libc_nano.a(libc_a-lseekr.o)
                0x0800ae48                _lseek_r
 .text._read_r  0x0800ae6c       0x24 /opt/stm32cubeide/plugins/com.st.stm32cube.ide.mcu.externaltools.gnu-tools-for-stm32.13.3.rel1.linux64_1.0.0.202410170706/tools/bin/../lib/gcc/arm-none-eabi/13.3.1/../../../../arm-none-eabi/lib/thumb/v7-m/nofp/libc_nano.a(libc_a-readr.o)
                0x0800ae6c                _read_r
 .text._write_r
                0x0800ae90       0x24 /opt/stm32cubeide/plugins/com.st.stm32cube.ide.mcu.externaltools.gnu-tools-for-stm32.13.3.rel1.linux64_1.0.0.202410170706/tools/bin/../lib/gcc/arm-none-eabi/13.3.1/../../../../arm-none-eabi/lib/thumb/v7-m/nofp/libc_nano.a(libc_a-writer.o)
                0x0800ae90                _write_r
 .text.__errno  0x0800aeb4        0xc /opt/stm32cubeide/plugins/com.st.stm32cube.ide.mcu.externaltools.gnu-tools-for-stm32.13.3.rel1.linux64_1.0.0.202410170706/tools/bin/../lib/gcc/arm-none-eabi/13.3.1/../../../../arm-none-eabi/lib/thumb/v7-m/nofp/libc_nano.a(libc_a-errno.o)
                0x0800aeb4                __errno
 .text.__libc_init_array
                0x0800aec0       0x48 /opt/stm32cubeide/plugins/com.st.stm32cube.ide.mcu.externaltools.gnu-tools-for-stm32.13.3.rel1.linux64_1.0.0.202410170706/tools/bin/../lib/gcc/arm-none-eabi/13.3.1/../../../../arm-none-eabi/lib/thumb/v7-m/nofp/libc_nano.a(libc_a-init.o)
                0x0800aec0                __libc_init_array
 .text.__retarget_lock_init_recursive
                0x0800af08        0x2 /opt/stm32cubeide/plugins/com.st.stm32cube.ide.mcu.externaltools.gnu-tools-for-stm32.13.3.rel1.linux64_1.0.0.202410170706/tools/bin/../lib/gcc/arm-none-eabi/13.3.1/../../../../arm-none-eabi/lib/thumb/v7-m/nofp/libc_nano.a(libc_a-lock.o)
                0x0800af08                __retarget_lock_init_recursive
 .text.__retarget_lock_acquire_recursive
                0x0800af0a        0x2 /opt/stm32cubeide/plugins/com.st.stm32cube.ide.mcu.externaltools.gnu-tools-for-stm32.13.3.rel1.linux64_1.0.0.202410170706/tools/bin/../lib/gcc/arm-none-eabi/13.3.1/../../../../arm-none-eabi/lib/thumb/v7-m/nofp/libc_nano.a(libc_a-lock.o)
                0x0800af0a                __retarget_lock_acquire_recursive
 .text.__retarget_lock_release_recursive
                0x0800af0c        0x2 /opt/stm32cubeide/plugins/com.st.stm32cube.ide.mcu.externaltools.gnu-tools-for-stm32.13.3.rel1.linux64_1.0.0.202410170706/tools/bin/../lib/gcc/arm-none-eabi/13.3.1/../../../../arm-none-eabi/lib/thumb/v7-m/nofp/libc_nano.a(libc_a-lock.o)
                0x0800af0c                __retarget_lock_release_recursive
 *fill*         0x0800af0e        0x2 
 .text._free_r  0x0800af10       0x90 /opt/stm32cubeide/plugins/com.st.stm32cube.ide.mcu.externaltools.gnu-tools-for-stm32.13.3.rel1.linux64_1.0.0.202410170706/tools/bin/../lib/gcc/arm-none-eabi/13.3.1/../../../../arm-none-eabi/lib/thumb/v7-m/nofp/libc_nano.a(libc_a-freer.o)
                0x0800af10                _free_r
 .text.sbrk_aligned
                0x0800afa0       0x44 /opt/stm32cubeide/plugins/com.st.stm32cube.ide.mcu.externaltools.gnu-tools-for-stm32.13.3.rel1.linux64_1.0.0.202410170706/tools/bin/../lib/gcc/arm-none-eabi/13.3.1/../../../../arm-none-eabi/lib/thumb/v7-m/nofp/libc_nano.a(libc_a-mallocr.o)
 .text._malloc_r
                0x0800afe4      0x100 /opt/stm32cubeide/plugins/com.st.stm32cube.ide.mcu.externaltools.gnu-tools-for-stm32.13.3.rel1.linux64_1.0.0.202410170706/tools/bin/../lib/gcc/arm-none-eabi/13.3.1/../../../../arm-none-eabi/lib/thumb/v7-m/nofp/libc_nano.a(libc_a-mallocr.o)
                0x0800afe4                _malloc_r
 .text.__malloc_lock
                0x0800b0e4        0xc /opt/stm32cubeide/plugins/com.st.stm32cube.ide.mcu.externaltools.gnu-tools-for-stm32.13.3.rel1.linux64_1.0.0.202410170706/tools/bin/../lib/gcc/arm-none-eabi/13.3.1/../../../../arm-none-eabi/lib/thumb/v7-m/nofp/libc_nano.a(libc_a-mlock.o)
                0x0800b0e4                __malloc_lock
 .text.__malloc_unlock
                0x0800b0f0        0xc /opt/stm32cubeide/plugins/com.st.stm32cube.ide.mcu.externaltools.gnu-tools-for-stm32.13.3.rel1.linux64_1.0.0.202410170706/tools/bin/../lib/gcc/arm-none-eabi/13.3.1/../../../../arm-none-eabi/lib/thumb/v7-m/nofp/libc_nano.a(libc_a-mlock.o)
                0x0800b0f0                __malloc_unlock
 .text.__ssputs_r
                0x0800b0fc       0xb6 /opt/stm32cubeide/plugins/com.st.stm32cube.ide.mcu.externaltools.gnu-tools-for-stm32.13.3.rel1.linux64_1.0.0.202410170706/tools/bin/../lib/gcc/arm-none-eabi/13.3.1/../../../../arm-none-eabi/lib/thumb/v7-m/nofp/libc_nano.a(libc_a-nano-svfprintf.o)
                0x0800b0fc                __ssputs_r
 *fill*         0x0800b1b2        0x2 
 .text._svfprintf_r
                0x0800b1b4      0x1f8 /opt/stm32cubeide/plugins/com.st.stm32cube.ide.mcu.externaltools.gnu-tools-for-stm32.13.3.rel1.linux64_1.0.0.202410170706/tools/bin/../lib/gcc/arm-none-eabi/13.3.1/../../../../arm-none-eabi/lib/thumb/v7-m/nofp/libc_nano.a(libc_a-nano-svfprintf.o)
                0x0800b1b4                _svfprintf_r
                0x0800b1b4                _svfiprintf_r
 .text.__sfputc_r
                0x0800b3ac       0x2a /opt/stm32cubeide/plugins/com.st.stm32cube.ide.mcu.externaltools.gnu-tools-for-stm32.13.3.rel1.linux64_1.0.0.202410170706/tools/bin/../lib/gcc/arm-none-eabi/13.3.1/../../../../arm-none-eabi/lib/thumb/v7-m/nofp/libc_nano.a(libc_a-nano-vfprintf.o)
 .text.__sfputs_r
                0x0800b3d6       0x24 /opt/stm32cubeide/plugins/com.st.stm32cube.ide.mcu.externaltools.gnu-tools-for-stm32.13.3.rel1.linux64_1.0.0.202410170706/tools/bin/../lib/gcc/arm-none-eabi/13.3.1/../../../../arm-none-eabi/lib/thumb/v7-m/nofp/libc_nano.a(libc_a-nano-vfprintf.o)
                0x0800b3d6                __sfputs_r
 *fill*         0x0800b3fa        0x2 
 .text._vfprintf_r
                0x0800b3fc      0x230 /opt/stm32cubeide/plugins/com.st.stm32cube.ide.mcu.externaltools.gnu-tools-for-stm32.13.3.rel1.linux64_1.0.0.202410170706/tools/bin/../lib/gcc/arm-none-eabi/13.3.1/../../../../arm-none-eabi/lib/thumb/v7-m/nofp/libc_nano.a(libc_a-nano-vfprintf.o)
                0x0800b3fc                _vfiprintf_r
                0x0800b3fc                _vfprintf_r
 .text._printf_common
                0x0800b62c       0xe4 /opt/stm32cubeide/plugins/com.st.stm32cube.ide.mcu.externaltools.gnu-tools-for-stm32.13.3.rel1.linux64_1.0.0.202410170706/tools/bin/../lib/gcc/arm-none-eabi/13.3.1/../../../../arm-none-eabi/lib/thumb/v7-m/nofp/libc_nano.a(libc_a-nano-vfprintf_i.o)
                0x0800b62c                _printf_common
 .text._printf_i
                0x0800b710      0x23c /opt/stm32cubeide/plugins/com.st.stm32cube.ide.mcu.externaltools.gnu-tools-for-stm32.13.3.rel1.linux64_1.0.0.202410170706/tools/bin/../lib/gcc/arm-none-eabi/13.3.1/../../../../arm-none-eabi/lib/thumb/v7-m/nofp/libc_nano.a(libc_a-nano-vfprintf_i.o)
                0x0800b710                _printf_i
 .text.__sflush_r
                0x0800b94c      0x100 /opt/stm32cubeide/plugins/com.st.stm32cube.ide.mcu.externaltools.gnu-tools-for-stm32.13.3.rel1.linux64_1.0.0.202410170706/tools/bin/../lib/gcc/arm-none-eabi/13.3.1/../../../../arm-none-eabi/lib/thumb/v7-m/nofp/libc_nano.a(libc_a-fflush.o)
                0x0800b94c                __sflush_r
 .text._fflush_r
                0x0800ba4c       0x50 /opt/stm32cubeide/plugins/com.st.stm32cube.ide.mcu.externaltools.gnu-tools-for-stm32.13.3.rel1.linux64_1.0.0.202410170706/tools/bin/../lib/gcc/arm-none-eabi/13.3.1/../../../../arm-none-eabi/lib/thumb/v7-m/nofp/libc_nano.a(libc_a-fflush.o)
                0x0800ba4c                _fflush_r
 .text._putc_r  0x0800ba9c       0x68 /opt/stm32cubeide/plugins/com.st.stm32cube.ide.mcu.externaltools.gnu-tools-for-stm32.13.3.rel1.linux64_1.0.0.202410170706/tools/bin/../lib/gcc/arm-none-eabi/13.3.1/../../../../arm-none-eabi/lib/thumb/v7-m/nofp/libc_nano.a(libc_a-putc.o)
                0x0800ba9c                _putc_r
 .text.__swbuf_r
                0x0800bb04       0x7c /opt/stm32cubeide/plugins/com.st.stm32cube.ide.mcu.externaltools.gnu-tools-for-stm32.13.3.rel1.linux64_1.0.0.202410170706/tools/bin/../lib/gcc/arm-none-eabi/13.3.1/../../../../arm-none-eabi/lib/thumb/v7-m/nofp/libc_nano.a(libc_a-wbuf.o)
                0x0800bb04                __swbuf_r
 .text.__swsetup_r
                0x0800bb80       0xac /opt/stm32cubeide/plugins/com.st.stm32cube.ide.mcu.externaltools.gnu-tools-for-stm32.13.3.rel1.linux64_1.0.0.202410170706/tools/bin/../lib/gcc/arm-none-eabi/13.3.1/../../../../arm-none-eabi/lib/thumb/v7-m/nofp/libc_nano.a(libc_a-wsetup.o)
                0x0800bb80                __swsetup_r
 .text.memmove  0x0800bc2c       0x34 /opt/stm32cubeide/plugins/com.st.stm32cube.ide.mcu.externaltools.gnu-tools-for-stm32.13.3.rel1.linux64_1.0.0.202410170706/tools/bin/../lib/gcc/arm-none-eabi/13.3.1/../../../../arm-none-eabi/lib/thumb/v7-m/nofp/libc_nano.a(libc_a-memmove.o)
                0x0800bc2c                memmove
 .text._sbrk_r  0x0800bc60       0x20 /opt/stm32cubeide/plugins/com.st.stm32cube.ide.mcu.externaltools.gnu-tools-for-stm32.13.3.rel1.linux64_1.0.0.202410170706/tools/bin/../lib/gcc/arm-none-eabi/13.3.1/../../../../arm-none-eabi/lib/thumb/v7-m/nofp/libc_nano.a(libc_a-sbrkr.o)
                0x0800bc60                _sbrk_r
 .text.memchr   0x0800bc80       0x1c /opt/stm32cubeide/plugins/com.st.stm32cube.ide.mcu.externaltools.gnu-tools-for-stm32.13.3.rel1.linux64_1.0.0.202410170706/tools/bin/../lib/gcc/arm-none-eabi/13.3.1/../../../../arm-none-eabi/lib/thumb/v7-m/nofp/libc_nano.a(libc_a-memchr-stub.o)
                0x0800bc80                memchr
 .text.memcpy   0x0800bc9c       0x1c /opt/stm32cubeide/plugins/com.st.stm32cube.ide.mcu.externaltools.gnu-tools-for-stm32.13.3.rel1.linux64_1.0.0.202410170706/tools/bin/../lib/gcc/arm-none-eabi/13.3.1/../../../../arm-none-eabi/lib/thumb/v7-m/nofp/libc_nano.a(libc_a-memcpy-stub.o)
                0x0800bc9c                memcpy
 .text._realloc_r
                0x0800bcb8       0x5c /opt/stm32cubeide/plugins/com.st.stm32cube.ide.mcu.externaltools.gnu-tools-for-stm32.13.3.rel1.linux64_1.0.0.202410170706/tools/bin/../lib/gcc/arm-none-eabi/13.3.1/../../../../arm-none-eabi/lib/thumb/v7-m/nofp/libc_nano.a(libc_a-reallocr.o)
                0x0800bcb8                _realloc_r
 .text.__swhatbuf_r
                0x0800bd14       0x4a /opt/stm32cubeide/plugins/com.st.stm32cube.ide.mcu.externaltools.gnu-tools-for-stm32.13.3.rel1.linux64_1.0.0.202410170706/tools/bin/../lib/gcc/arm-none-eabi/13.3.1/../../../../arm-none-eabi/lib/thumb/v7-m/nofp/libc_nano.a(libc_a-makebuf.o)
                0x0800bd14                __swhatbuf_r
 .text.__smakebuf_r
                0x0800bd5e       0x78 /opt/stm32cubeide/plugins/com.st.stm32cube.ide.mcu.externaltools.gnu-tools-for-stm32.13.3.rel1.linux64_1.0.0.202410170706/tools/bin/../lib/gcc/arm-none-eabi/13.3.1/../../../../arm-none-eabi/lib/thumb/v7-m/nofp/libc_nano.a(libc_a-makebuf.o)
                0x0800bd5e                __smakebuf_r
 *fill*         0x0800bdd6        0x2 
 .text._fstat_r
                0x0800bdd8       0x24 /opt/stm32cubeide/plugins/com.st.stm32cube.ide.mcu.externaltools.gnu-tools-for-stm32.13.3.rel1.linux64_1.0.0.202410170706/tools/bin/../lib/gcc/arm-none-eabi/13.3.1/../../../../arm-none-eabi/lib/thumb/v7-m/nofp/libc_nano.a(libc_a-fstatr.o)
                0x0800bdd8                _fstat_r
 .text._isatty_r
                0x0800bdfc       0x20 /opt/stm32cubeide/plugins/com.st.stm32cube.ide.mcu.externaltools.gnu-tools-for-stm32.13.3.rel1.linux64_1.0.0.202410170706/tools/bin/../lib/gcc/arm-none-eabi/13.3.1/../../../../arm-none-eabi/lib/thumb/v7-m/nofp/libc_nano.a(libc_a-isattyr.o)
                0x0800bdfc                _isatty_r
 .text._malloc_usable_size_r
                0x0800be1c       0x10 /opt/stm32cubeide/plugins/com.st.stm32cube.ide.mcu.externaltools.gnu-tools-for-stm32.13.3.rel1.linux64_1.0.0.202410170706/tools/bin/../lib/gcc/arm-none-eabi/13.3.1/../../../../arm-none-eabi/lib/thumb/v7-m/nofp/libc_nano.a(libc_a-msizer.o)
                0x0800be1c                _malloc_usable_size_r
 *(.glue_7)
 .glue_7        0x0800be2c        0x0 linker stubs
 *(.glue_7t)
 .glue_7t       0x0800be2c        0x0 linker stubs
 *(.eh_frame)
 .eh_frame      0x0800be2c        0x0 /opt/stm32cubeide/plugins/com.st.stm32cube.ide.mcu.externaltools.gnu-tools-for-stm32.13.3.rel1.linux64_1.0.0.202410170706/tools/bin/../lib/gcc/arm-none-eabi/13.3.1/thumb/v7-m/nofp/crtbegin.o
 *(.init)
 .init          0x0800be2c        0x4 /opt/stm32cubeide/plugins/com.st.stm32cube.ide.mcu.externaltools.gnu-tools-for-stm32.13.3.rel1.linux64_1.0.0.202410170706/tools/bin/../lib/gcc/arm-none-eabi/13.3.1/thumb/v7-m/nofp/crti.o
                0x0800be2c                _init
 .init          0x0800be30        0x8 /opt/stm32cubeide/plugins/com.st.stm32cube.ide.mcu.externaltools.gnu-tools-for-stm32.13.3.rel1.linux64_1.0.0.202410170706/tools/bin/../lib/gcc/arm-none-eabi/13.3.1/thumb/v7-m/nofp/crtn.o
 *(.fini)
 .fini          0x0800be38        0x4 /opt/stm32cubeide/plugins/com.st.stm32cube.ide.mcu.externaltools.gnu-tools-for-stm32.13.3.rel1.linux64_1.0.0.202410170706/tools/bin/../lib/gcc/arm-none-eabi/13.3.1/thumb/v7-m/nofp/crti.o
                0x0800be38                _fini
 .fini          0x0800be3c        0x8 /opt/stm32cubeide/plugins/com.st.stm32cube.ide.mcu.externaltools.gnu-tools-for-stm32.13.3.rel1.linux64_1.0.0.202410170706/tools/bin/../lib/gcc/arm-none-eabi/13.3.1/thumb/v7-m/nofp/crtn.o
                0x0800be44                        . = ALIGN (0x4)
                0x0800be44                        _etext = .

.vfp11_veneer   0x0800be44        0x0
 .vfp11_veneer  0x0800be44        0x0 linker stubs

.v4_bx          0x0800be44        0x0
 .v4_bx         0x0800be44        0x0 linker stubs

.iplt           0x0800be44        0x0
 .iplt          0x0800be44        0x0 /opt/stm32cubeide/plugins/com.st.stm32cube.ide.mcu.externaltools.gnu-tools-for-stm32.13.3.rel1.linux64_1.0.0.202410170706/tools/bin/../lib/gcc/arm-none-eabi/13.3.1/thumb/v7-m/nofp/crtbegin.o

.rodata         0x0800be44      0x11c
                0x0800be44                        . = ALIGN (0x4)
 *(.rodata)
 .rodata        0x0800be44        0xf ./Core/Src/main.o
 *fill*         0x0800be53        0x1 
 .rodata        0x0800be54       0x35 ./Middlewares/ST/STM32_USB_Device_Library/Core/Src/usbd_core.o
 *fill*         0x0800be89        0x3 
 .rodata        0x0800be8c       0x46 ./USB_DEVICE/App/usbd_desc.o
 *(.rodata*)
 *fill*         0x0800bed2        0x2 
 .rodata.AHBPrescTable
                0x0800bed4       0x10 ./Core/Src/system_stm32f1xx.o
                0x0800bed4                AHBPrescTable
 .rodata.APBPrescTable
                0x0800bee4        0x8 ./Core/Src/system_stm32f1xx.o
                0x0800bee4                APBPrescTable
 .rodata.aPLLMULFactorTable.1
                0x0800beec        0xe ./Drivers/STM32F1xx_HAL_Driver/Src/stm32f1xx_hal_rcc.o
 *fill*         0x0800befa        0x2 
 .rodata.aPredivFactorTable.0
                0x0800befc       0x10 ./Drivers/STM32F1xx_HAL_Driver/Src/stm32f1xx_hal_rcc.o
 .rodata.aPLLMULFactorTable.1
                0x0800bf0c        0xe ./Drivers/STM32F1xx_HAL_Driver/Src/stm32f1xx_hal_rcc_ex.o
 *fill*         0x0800bf1a        0x2 
 .rodata.aPredivFactorTable.0
                0x0800bf1c       0x10 ./Drivers/STM32F1xx_HAL_Driver/Src/stm32f1xx_hal_rcc_ex.o
 .rodata._svfprintf_r.str1.1
                0x0800bf2c       0x33 /opt/stm32cubeide/plugins/com.st.stm32cube.ide.mcu.externaltools.gnu-tools-for-stm32.13.3.rel1.linux64_1.0.0.202410170706/tools/bin/../lib/gcc/arm-none-eabi/13.3.1/../../../../arm-none-eabi/lib/thumb/v7-m/nofp/libc_nano.a(libc_a-nano-svfprintf.o)
                                 0x11 (size before relaxing)
 .rodata._vfprintf_r.str1.1
                0x0800bf5f       0x11 /opt/stm32cubeide/plugins/com.st.stm32cube.ide.mcu.externaltools.gnu-tools-for-stm32.13.3.rel1.linux64_1.0.0.202410170706/tools/bin/../lib/gcc/arm-none-eabi/13.3.1/../../../../arm-none-eabi/lib/thumb/v7-m/nofp/libc_nano.a(libc_a-nano-vfprintf.o)
 .rodata._printf_i.str1.1
                0x0800bf5f       0x22 /opt/stm32cubeide/plugins/com.st.stm32cube.ide.mcu.externaltools.gnu-tools-for-stm32.13.3.rel1.linux64_1.0.0.202410170706/tools/bin/../lib/gcc/arm-none-eabi/13.3.1/../../../../arm-none-eabi/lib/thumb/v7-m/nofp/libc_nano.a(libc_a-nano-vfprintf_i.o)
                0x0800bf84                        . = ALIGN (0x4)
 *fill*         0x0800bf5f        0x1 

.ARM.extab      0x0800bf60        0x0
                0x0800bf60                        . = ALIGN (0x4)
 *(.ARM.extab* .gnu.linkonce.armextab.*)
                0x0800bf60                        . = ALIGN (0x4)

.ARM            0x0800bf60        0x8
                0x0800bf60                        . = ALIGN (0x4)
                0x0800bf60                        __exidx_start = .
 *(.ARM.exidx*)
 .ARM.exidx     0x0800bf60        0x8 /opt/stm32cubeide/plugins/com.st.stm32cube.ide.mcu.externaltools.gnu-tools-for-stm32.13.3.rel1.linux64_1.0.0.202410170706/tools/bin/../lib/gcc/arm-none-eabi/13.3.1/../../../../arm-none-eabi/lib/thumb/v7-m/nofp/libc_nano.a(libc_a-strlen.o)
 .ARM.exidx     0x0800bf68        0x0 /opt/stm32cubeide/plugins/com.st.stm32cube.ide.mcu.externaltools.gnu-tools-for-stm32.13.3.rel1.linux64_1.0.0.202410170706/tools/bin/../lib/gcc/arm-none-eabi/13.3.1/thumb/v7-m/nofp/libgcc.a(_udivmoddi4.o)
                                  0x8 (size before relaxing)
                0x0800bf68                        __exidx_end = .
                0x0800bf68                        . = ALIGN (0x4)

.preinit_array  0x0800bf68        0x0
                0x0800bf68                        . = ALIGN (0x4)
                0x0800bf68                        PROVIDE (__preinit_array_start = .)
 *(.preinit_array*)
                0x0800bf68                        PROVIDE (__preinit_array_end = .)
                0x0800bf68                        . = ALIGN (0x4)

.init_array     0x0800bf68        0x4
                0x0800bf68                        . = ALIGN (0x4)
                0x0800bf68                        PROVIDE (__init_array_start = .)
 *(SORT_BY_NAME(.init_array.*))
 *(.init_array*)
 .init_array    0x0800bf68        0x4 /opt/stm32cubeide/plugins/com.st.stm32cube.ide.mcu.externaltools.gnu-tools-for-stm32.13.3.rel1.linux64_1.0.0.202410170706/tools/bin/../lib/gcc/arm-none-eabi/13.3.1/thumb/v7-m/nofp/crtbegin.o
                0x0800bf6c                        PROVIDE (__init_array_end = .)
                0x0800bf6c                        . = ALIGN (0x4)

.fini_array     0x0800bf6c        0x4
                0x0800bf6c                        . = ALIGN (0x4)
                [!provide]                        PROVIDE (__fini_array_start = .)
 *(SORT_BY_NAME(.fini_array.*))
 *(.fini_array*)
 .fini_array    0x0800bf6c        0x4 /opt/stm32cubeide/plugins/com.st.stm32cube.ide.mcu.externaltools.gnu-tools-for-stm32.13.3.rel1.linux64_1.0.0.202410170706/tools/bin/../lib/gcc/arm-none-eabi/13.3.1/thumb/v7-m/nofp/crtbegin.o
                [!provide]                        PROVIDE (__fini_array_end = .)
                0x0800bf70                        . = ALIGN (0x4)
                0x0800bf70                        _sidata = LOADADDR (.data)

.rel.dyn        0x0800bf70        0x0
 .rel.iplt      0x0800bf70        0x0 /opt/stm32cubeide/plugins/com.st.stm32cube.ide.mcu.externaltools.gnu-tools-for-stm32.13.3.rel1.linux64_1.0.0.202410170706/tools/bin/../lib/gcc/arm-none-eabi/13.3.1/thumb/v7-m/nofp/crtbegin.o

.data           0x20000000      0x1e0 load address 0x0800bf70
                0x20000000                        . = ALIGN (0x4)
                0x20000000                        _sdata = .
 *(.data)
 *(.data*)
 .data.tx_addr  0x20000000        0x5 ./Core/Src/main.o
                0x20000000                tx_addr
 *fill*         0x20000005        0x3 
 .data.SystemCoreClock
                0x20000008        0x4 ./Core/Src/system_stm32f1xx.o
                0x20000008                SystemCoreClock
 .data.uwTickPrio
                0x2000000c        0x4 ./Drivers/STM32F1xx_HAL_Driver/Src/stm32f1xx_hal.o
                0x2000000c                uwTickPrio
 .data.uwTickFreq
                0x20000010        0x1 ./Drivers/STM32F1xx_HAL_Driver/Src/stm32f1xx_hal.o
                0x20000010                uwTickFreq
 *fill*         0x20000011        0x3 
 .data.USBD_CDC_DeviceQualifierDesc
                0x20000014        0xa ./Middlewares/ST/STM32_USB_Device_Library/Class/CDC/Src/usbd_cdc.o
 *fill*         0x2000001e        0x2 
 .data.USBD_CDC
                0x20000020       0x38 ./Middlewares/ST/STM32_USB_Device_Library/Class/CDC/Src/usbd_cdc.o
                0x20000020                USBD_CDC
 .data.USBD_CDC_CfgHSDesc
                0x20000058       0x43 ./Middlewares/ST/STM32_USB_Device_Library/Class/CDC/Src/usbd_cdc.o
                0x20000058                USBD_CDC_CfgHSDesc
 *fill*         0x2000009b        0x1 
 .data.USBD_CDC_CfgFSDesc
                0x2000009c       0x43 ./Middlewares/ST/STM32_USB_Device_Library/Class/CDC/Src/usbd_cdc.o
                0x2000009c                USBD_CDC_CfgFSDesc
 *fill*         0x200000df        0x1 
 .data.USBD_CDC_OtherSpeedCfgDesc
                0x200000e0       0x43 ./Middlewares/ST/STM32_USB_Device_Library/Class/CDC/Src/usbd_cdc.o
                0x200000e0                USBD_CDC_OtherSpeedCfgDesc
 *fill*         0x20000123        0x1 
 .data.USBD_Interface_fops_FS
                0x20000124       0x10 ./USB_DEVICE/App/usbd_cdc_if.o
                0x20000124                USBD_Interface_fops_FS
 .data.FS_Desc  0x20000134       0x1c ./USB_DEVICE/App/usbd_desc.o
                0x20000134                FS_Desc
 .data.USBD_FS_DeviceDesc
                0x20000150       0x12 ./USB_DEVICE/App/usbd_desc.o
                0x20000150                USBD_FS_DeviceDesc
 *fill*         0x20000162        0x2 
 .data.USBD_LangIDDesc
                0x20000164        0x4 ./USB_DEVICE/App/usbd_desc.o
                0x20000164                USBD_LangIDDesc
 .data.USBD_StringSerial
                0x20000168       0x1a ./USB_DEVICE/App/usbd_desc.o
                0x20000168                USBD_StringSerial
 *fill*         0x20000182        0x2 
 .data.__sglue  0x20000184        0xc /opt/stm32cubeide/plugins/com.st.stm32cube.ide.mcu.externaltools.gnu-tools-for-stm32.13.3.rel1.linux64_1.0.0.202410170706/tools/bin/../lib/gcc/arm-none-eabi/13.3.1/../../../../arm-none-eabi/lib/thumb/v7-m/nofp/libc_nano.a(libc_a-findfp.o)
                0x20000184                __sglue
 .data._impure_ptr
                0x20000190        0x4 /opt/stm32cubeide/plugins/com.st.stm32cube.ide.mcu.externaltools.gnu-tools-for-stm32.13.3.rel1.linux64_1.0.0.202410170706/tools/bin/../lib/gcc/arm-none-eabi/13.3.1/../../../../arm-none-eabi/lib/thumb/v7-m/nofp/libc_nano.a(libc_a-impure.o)
                0x20000190                _impure_ptr
 .data._impure_data
                0x20000194       0x4c /opt/stm32cubeide/plugins/com.st.stm32cube.ide.mcu.externaltools.gnu-tools-for-stm32.13.3.rel1.linux64_1.0.0.202410170706/tools/bin/../lib/gcc/arm-none-eabi/13.3.1/../../../../arm-none-eabi/lib/thumb/v7-m/nofp/libc_nano.a(libc_a-impure.o)
                0x20000194                _impure_data
 *(.RamFunc)
 *(.RamFunc*)
                0x200001e0                        . = ALIGN (0x4)
                0x200001e0                        _edata = .

.igot.plt       0x200001e0        0x0 load address 0x0800c150
 .igot.plt      0x200001e0        0x0 /opt/stm32cubeide/plugins/com.st.stm32cube.ide.mcu.externaltools.gnu-tools-for-stm32.13.3.rel1.linux64_1.0.0.202410170706/tools/bin/../lib/gcc/arm-none-eabi/13.3.1/thumb/v7-m/nofp/crtbegin.o
                0x200001e0                        . = ALIGN (0x4)

.bss            0x200001e0     0x1704 load address 0x0800c150
                0x200001e0                        _sbss = .
                0x200001e0                        __bss_start__ = _sbss
 *(.bss)
 .bss           0x200001e0       0x1c /opt/stm32cubeide/plugins/com.st.stm32cube.ide.mcu.externaltools.gnu-tools-for-stm32.13.3.rel1.linux64_1.0.0.202410170706/tools/bin/../lib/gcc/arm-none-eabi/13.3.1/thumb/v7-m/nofp/crtbegin.o
 *(.bss*)
 .bss.hadc1     0x200001fc       0x30 ./Core/Src/main.o
                0x200001fc                hadc1
 .bss.hdma_adc1
                0x2000022c       0x44 ./Core/Src/main.o
                0x2000022c                hdma_adc1
 .bss.hdac      0x20000270       0x14 ./Core/Src/main.o
                0x20000270                hdac
 .bss.hi2c1     0x20000284       0x54 ./Core/Src/main.o
                0x20000284                hi2c1
 .bss.hspi1     0x200002d8       0x58 ./Core/Src/main.o
                0x200002d8                hspi1
 .bss.huart1    0x20000330       0x48 ./Core/Src/main.o
                0x20000330                huart1
 .bss.data      0x20000378        0x2 ./Core/Src/main.o
                0x20000378                data
 *fill*         0x2000037a        0x2 
 .bss.tx_ack_pld
                0x2000037c        0x2 ./Core/Src/main.o
                0x2000037c                tx_ack_pld
 .bss.irq       0x2000037e        0x1 ./Core/Src/main.o
                0x2000037e                irq
 *fill*         0x2000037f        0x1 
 .bss.dataT     0x20000380        0x2 ./Core/Src/main.o
                0x20000380                dataT
 *fill*         0x20000382        0x2 
 .bss.htim1     0x20000384       0x48 ./Core/Src/stm32f1xx_hal_timebase_tim.o
                0x20000384                htim1
 .bss.__sbrk_heap_end
                0x200003cc        0x4 ./Core/Src/sysmem.o
 .bss.uwTick    0x200003d0        0x4 ./Drivers/STM32F1xx_HAL_Driver/Src/stm32f1xx_hal.o
                0x200003d0                uwTick
 .bss.cfgidx.0  0x200003d4        0x1 ./Middlewares/ST/STM32_USB_Device_Library/Core/Src/usbd_ctlreq.o
 *fill*         0x200003d5        0x3 
 .bss.hUsbDeviceFS
                0x200003d8      0x2c4 ./USB_DEVICE/App/usb_device.o
                0x200003d8                hUsbDeviceFS
 .bss.UserRxBufferFS
                0x2000069c      0x400 ./USB_DEVICE/App/usbd_cdc_if.o
                0x2000069c                UserRxBufferFS
 .bss.UserTxBufferFS
                0x20000a9c      0x400 ./USB_DEVICE/App/usbd_cdc_if.o
                0x20000a9c                UserTxBufferFS
 .bss.USBD_StrDesc
                0x20000e9c      0x200 ./USB_DEVICE/App/usbd_desc.o
                0x20000e9c                USBD_StrDesc
 .bss.hpcd_USB_OTG_FS
                0x2000109c      0x4dc ./USB_DEVICE/Target/usbd_conf.o
                0x2000109c                hpcd_USB_OTG_FS
 .bss.mem.0     0x20001578      0x220 ./USB_DEVICE/Target/usbd_conf.o
 .bss.__sf      0x20001798      0x138 /opt/stm32cubeide/plugins/com.st.stm32cube.ide.mcu.externaltools.gnu-tools-for-stm32.13.3.rel1.linux64_1.0.0.202410170706/tools/bin/../lib/gcc/arm-none-eabi/13.3.1/../../../../arm-none-eabi/lib/thumb/v7-m/nofp/libc_nano.a(libc_a-findfp.o)
                0x20001798                __sf
 .bss.__stdio_exit_handler
                0x200018d0        0x4 /opt/stm32cubeide/plugins/com.st.stm32cube.ide.mcu.externaltools.gnu-tools-for-stm32.13.3.rel1.linux64_1.0.0.202410170706/tools/bin/../lib/gcc/arm-none-eabi/13.3.1/../../../../arm-none-eabi/lib/thumb/v7-m/nofp/libc_nano.a(libc_a-findfp.o)
                0x200018d0                __stdio_exit_handler
 .bss.errno     0x200018d4        0x4 /opt/stm32cubeide/plugins/com.st.stm32cube.ide.mcu.externaltools.gnu-tools-for-stm32.13.3.rel1.linux64_1.0.0.202410170706/tools/bin/../lib/gcc/arm-none-eabi/13.3.1/../../../../arm-none-eabi/lib/thumb/v7-m/nofp/libc_nano.a(libc_a-reent.o)
                0x200018d4                errno
 .bss.__lock___malloc_recursive_mutex
                0x200018d8        0x1 /opt/stm32cubeide/plugins/com.st.stm32cube.ide.mcu.externaltools.gnu-tools-for-stm32.13.3.rel1.linux64_1.0.0.202410170706/tools/bin/../lib/gcc/arm-none-eabi/13.3.1/../../../../arm-none-eabi/lib/thumb/v7-m/nofp/libc_nano.a(libc_a-lock.o)
                0x200018d8                __lock___malloc_recursive_mutex
 .bss.__lock___sfp_recursive_mutex
                0x200018d9        0x1 /opt/stm32cubeide/plugins/com.st.stm32cube.ide.mcu.externaltools.gnu-tools-for-stm32.13.3.rel1.linux64_1.0.0.202410170706/tools/bin/../lib/gcc/arm-none-eabi/13.3.1/../../../../arm-none-eabi/lib/thumb/v7-m/nofp/libc_nano.a(libc_a-lock.o)
                0x200018d9                __lock___sfp_recursive_mutex
 *fill*         0x200018da        0x2 
 .bss.__malloc_sbrk_start
                0x200018dc        0x4 /opt/stm32cubeide/plugins/com.st.stm32cube.ide.mcu.externaltools.gnu-tools-for-stm32.13.3.rel1.linux64_1.0.0.202410170706/tools/bin/../lib/gcc/arm-none-eabi/13.3.1/../../../../arm-none-eabi/lib/thumb/v7-m/nofp/libc_nano.a(libc_a-mallocr.o)
                0x200018dc                __malloc_sbrk_start
 .bss.__malloc_free_list
                0x200018e0        0x4 /opt/stm32cubeide/plugins/com.st.stm32cube.ide.mcu.externaltools.gnu-tools-for-stm32.13.3.rel1.linux64_1.0.0.202410170706/tools/bin/../lib/gcc/arm-none-eabi/13.3.1/../../../../arm-none-eabi/lib/thumb/v7-m/nofp/libc_nano.a(libc_a-mallocr.o)
                0x200018e0                __malloc_free_list
 *(COMMON)
                0x200018e4                        . = ALIGN (0x4)
                0x200018e4                        _ebss = .
                0x200018e4                        __bss_end__ = _ebss

._user_heap_stack
                0x200018e4      0x604 load address 0x0800c150
                0x200018e8                        . = ALIGN (0x8)
 *fill*         0x200018e4        0x4 
                [!provide]                        PROVIDE (end = .)
                0x200018e8                        PROVIDE (_end = .)
                0x20001ae8                        . = (. + _Min_Heap_Size)
 *fill*         0x200018e8      0x200 
                0x20001ee8                        . = (. + _Min_Stack_Size)
 *fill*         0x20001ae8      0x400 
                0x20001ee8                        . = ALIGN (0x8)

/DISCARD/
 libc.a(*)