../Core/Src/main.c:96:5:main	48	static
../Core/Src/main.c:232:6:SystemClock_Config	120	static
../Core/Src/main.c:286:13:MX_ADC1_Init	24	static
../Core/Src/main.c:351:13:MX_DAC_Init	16	static
../Core/Src/main.c:391:13:MX_I2C1_Init	8	static
../Core/Src/main.c:425:13:MX_SPI1_Init	8	static
../Core/Src/main.c:463:13:MX_USART1_UART_Init	8	static
../Core/Src/main.c:494:13:MX_DMA_Init	16	static
../Core/Src/main.c:512:13:MX_GPIO_Init	40	static
../Core/Src/main.c:574:6:HAL_TIM_PeriodElapsedCallback	16	static
../Core/Src/main.c:592:6:Error_Handler	4	static,ignoring_inline_asm
