../Core/Src/main.c:105:5:main	8	static
../Core/Src/main.c:211:6:SystemClock_Config	88	static
../Core/Src/main.c:259:13:MX_SPI1_Init	8	static
../Core/Src/main.c:299:13:MX_TIM1_Init	40	static
../Core/Src/main.c:346:13:MX_TIM2_Init	48	static
../Core/Src/main.c:399:13:MX_TIM3_Init	64	static
../Core/Src/main.c:458:13:MX_GPIO_Init	48	static
../Core/Src/main.c:529:6:ProcessControl	24	static
../Core/Src/main.c:545:6:ProcessButtons	16	static
../Core/Src/main.c:587:13:Steering_SetPWM	24	static
../Core/Src/main.c:614:6:Error_Handler	4	static,ignoring_inline_asm
